
==========================================================================
floorplan final report_tns
--------------------------------------------------------------------------
tns 0.00

==========================================================================
floorplan final report_wns
--------------------------------------------------------------------------
wns 0.00

==========================================================================
floorplan final report_worst_slack
--------------------------------------------------------------------------
worst slack 99.66

==========================================================================
floorplan final report_checks -path_delay min
--------------------------------------------------------------------------
Startpoint: reset_n_i (input port clocked by core_clock)
Endpoint: counter_0.n20_q[0]$_DFFE_PN0P_
          (removal check against rising-edge clock core_clock)
Path Group: asynchronous
Path Type: min

Fanout     Cap    Slew   Delay    Time   Description
-----------------------------------------------------------------------------
                  0.00    0.00    0.00   clock core_clock (rise edge)
                          0.00    0.00   clock network delay (ideal)
                         25.00   25.00 ^ input external delay
     4    0.03    0.00    0.00   25.00 ^ reset_n_i (in)
                                         reset_n_i (net)
                  0.00    0.00   25.00 ^ counter_0.n20_q[0]$_DFFE_PN0P_/RESET_B (sg13g2_dfrbp_1)
                                 25.00   data arrival time

                  0.00    0.00    0.00   clock core_clock (rise edge)
                          0.00    0.00   clock network delay (ideal)
                          0.00    0.00   clock reconvergence pessimism
                                  0.00 ^ counter_0.n20_q[0]$_DFFE_PN0P_/CLK (sg13g2_dfrbp_1)
                         -0.09   -0.09   library removal time
                                 -0.09   data required time
-----------------------------------------------------------------------------
                                 -0.09   data required time
                                -25.00   data arrival time
-----------------------------------------------------------------------------
                                 25.09   slack (MET)


Startpoint: counter_0.n20_q[3]$_DFFE_PN0P_
            (rising edge-triggered flip-flop clocked by core_clock)
Endpoint: counter_0.n20_q[3]$_DFFE_PN0P_
          (rising edge-triggered flip-flop clocked by core_clock)
Path Group: core_clock
Path Type: min

Fanout     Cap    Slew   Delay    Time   Description
-----------------------------------------------------------------------------
                  0.00    0.00    0.00   clock core_clock (rise edge)
                          0.00    0.00   clock network delay (ideal)
                  0.00    0.00    0.00 ^ counter_0.n20_q[3]$_DFFE_PN0P_/CLK (sg13g2_dfrbp_1)
     2    0.01    0.04    0.20    0.20 ^ counter_0.n20_q[3]$_DFFE_PN0P_/Q (sg13g2_dfrbp_1)
                                         counter_value_o[3] (net)
                  0.04    0.00    0.20 ^ _17_/A (sg13g2_xnor2_1)
     1    0.00    0.03    0.06    0.26 v _17_/Y (sg13g2_xnor2_1)
                                         _03_ (net)
                  0.03    0.00    0.26 v counter_0.n20_q[3]$_DFFE_PN0P_/D (sg13g2_dfrbp_1)
                                  0.26   data arrival time

                  0.00    0.00    0.00   clock core_clock (rise edge)
                          0.00    0.00   clock network delay (ideal)
                          0.00    0.00   clock reconvergence pessimism
                                  0.00 ^ counter_0.n20_q[3]$_DFFE_PN0P_/CLK (sg13g2_dfrbp_1)
                         -0.04   -0.04   library hold time
                                 -0.04   data required time
-----------------------------------------------------------------------------
                                 -0.04   data required time
                                 -0.26   data arrival time
-----------------------------------------------------------------------------
                                  0.30   slack (MET)



==========================================================================
floorplan final report_checks -path_delay max
--------------------------------------------------------------------------
Startpoint: reset_n_i (input port clocked by core_clock)
Endpoint: counter_0.n20_q[0]$_DFFE_PN0P_
          (recovery check against rising-edge clock core_clock)
Path Group: asynchronous
Path Type: max

Fanout     Cap    Slew   Delay    Time   Description
-----------------------------------------------------------------------------
                  0.00    0.00    0.00   clock core_clock (rise edge)
                          0.00    0.00   clock network delay (ideal)
                         25.00   25.00 ^ input external delay
     4    0.03    0.00    0.00   25.00 ^ reset_n_i (in)
                                         reset_n_i (net)
                  0.00    0.00   25.00 ^ counter_0.n20_q[0]$_DFFE_PN0P_/RESET_B (sg13g2_dfrbp_1)
                                 25.00   data arrival time

                  0.00  125.00  125.00   clock core_clock (rise edge)
                          0.00  125.00   clock network delay (ideal)
                          0.00  125.00   clock reconvergence pessimism
                                125.00 ^ counter_0.n20_q[0]$_DFFE_PN0P_/CLK (sg13g2_dfrbp_1)
                         -0.11  124.89   library recovery time
                                124.89   data required time
-----------------------------------------------------------------------------
                                124.89   data required time
                                -25.00   data arrival time
-----------------------------------------------------------------------------
                                 99.89   slack (MET)


Startpoint: enable_i (input port clocked by core_clock)
Endpoint: counter_0.n20_q[3]$_DFFE_PN0P_
          (rising edge-triggered flip-flop clocked by core_clock)
Path Group: core_clock
Path Type: max

Fanout     Cap    Slew   Delay    Time   Description
-----------------------------------------------------------------------------
                  0.00    0.00    0.00   clock core_clock (rise edge)
                          0.00    0.00   clock network delay (ideal)
                         25.00   25.00 ^ input external delay
     4    0.01    0.00    0.00   25.00 ^ enable_i (in)
                                         enable_i (net)
                  0.00    0.00   25.00 ^ _16_/D (sg13g2_nand4_1)
     1    0.01    0.10    0.11   25.11 v _16_/Y (sg13g2_nand4_1)
                                         _06_ (net)
                  0.10    0.00   25.11 v _17_/B (sg13g2_xnor2_1)
     1    0.00    0.03    0.11   25.22 v _17_/Y (sg13g2_xnor2_1)
                                         _03_ (net)
                  0.03    0.00   25.22 v counter_0.n20_q[3]$_DFFE_PN0P_/D (sg13g2_dfrbp_1)
                                 25.22   data arrival time

                  0.00  125.00  125.00   clock core_clock (rise edge)
                          0.00  125.00   clock network delay (ideal)
                          0.00  125.00   clock reconvergence pessimism
                                125.00 ^ counter_0.n20_q[3]$_DFFE_PN0P_/CLK (sg13g2_dfrbp_1)
                         -0.12  124.88   library setup time
                                124.88   data required time
-----------------------------------------------------------------------------
                                124.88   data required time
                                -25.22   data arrival time
-----------------------------------------------------------------------------
                                 99.66   slack (MET)



==========================================================================
floorplan final report_checks -unconstrained
--------------------------------------------------------------------------
Startpoint: reset_n_i (input port clocked by core_clock)
Endpoint: counter_0.n20_q[0]$_DFFE_PN0P_
          (recovery check against rising-edge clock core_clock)
Path Group: asynchronous
Path Type: max

Fanout     Cap    Slew   Delay    Time   Description
-----------------------------------------------------------------------------
                  0.00    0.00    0.00   clock core_clock (rise edge)
                          0.00    0.00   clock network delay (ideal)
                         25.00   25.00 ^ input external delay
     4    0.03    0.00    0.00   25.00 ^ reset_n_i (in)
                                         reset_n_i (net)
                  0.00    0.00   25.00 ^ counter_0.n20_q[0]$_DFFE_PN0P_/RESET_B (sg13g2_dfrbp_1)
                                 25.00   data arrival time

                  0.00  125.00  125.00   clock core_clock (rise edge)
                          0.00  125.00   clock network delay (ideal)
                          0.00  125.00   clock reconvergence pessimism
                                125.00 ^ counter_0.n20_q[0]$_DFFE_PN0P_/CLK (sg13g2_dfrbp_1)
                         -0.11  124.89   library recovery time
                                124.89   data required time
-----------------------------------------------------------------------------
                                124.89   data required time
                                -25.00   data arrival time
-----------------------------------------------------------------------------
                                 99.89   slack (MET)


Startpoint: enable_i (input port clocked by core_clock)
Endpoint: counter_0.n20_q[3]$_DFFE_PN0P_
          (rising edge-triggered flip-flop clocked by core_clock)
Path Group: core_clock
Path Type: max

Fanout     Cap    Slew   Delay    Time   Description
-----------------------------------------------------------------------------
                  0.00    0.00    0.00   clock core_clock (rise edge)
                          0.00    0.00   clock network delay (ideal)
                         25.00   25.00 ^ input external delay
     4    0.01    0.00    0.00   25.00 ^ enable_i (in)
                                         enable_i (net)
                  0.00    0.00   25.00 ^ _16_/D (sg13g2_nand4_1)
     1    0.01    0.10    0.11   25.11 v _16_/Y (sg13g2_nand4_1)
                                         _06_ (net)
                  0.10    0.00   25.11 v _17_/B (sg13g2_xnor2_1)
     1    0.00    0.03    0.11   25.22 v _17_/Y (sg13g2_xnor2_1)
                                         _03_ (net)
                  0.03    0.00   25.22 v counter_0.n20_q[3]$_DFFE_PN0P_/D (sg13g2_dfrbp_1)
                                 25.22   data arrival time

                  0.00  125.00  125.00   clock core_clock (rise edge)
                          0.00  125.00   clock network delay (ideal)
                          0.00  125.00   clock reconvergence pessimism
                                125.00 ^ counter_0.n20_q[3]$_DFFE_PN0P_/CLK (sg13g2_dfrbp_1)
                         -0.12  124.88   library setup time
                                124.88   data required time
-----------------------------------------------------------------------------
                                124.88   data required time
                                -25.22   data arrival time
-----------------------------------------------------------------------------
                                 99.66   slack (MET)



==========================================================================
floorplan final report_power
--------------------------------------------------------------------------
Group                  Internal  Switching    Leakage      Total
                          Power      Power      Power      Power (Watts)
----------------------------------------------------------------
Sequential             3.66e-06   2.36e-07   2.15e-09   3.89e-06  89.2%
Combinational          3.65e-07   1.03e-07   1.08e-09   4.69e-07  10.8%
Clock                  0.00e+00   0.00e+00   0.00e+00   0.00e+00   0.0%
Macro                  0.00e+00   0.00e+00   0.00e+00   0.00e+00   0.0%
Pad                    0.00e+00   0.00e+00   0.00e+00   0.00e+00   0.0%
----------------------------------------------------------------
Total                  4.02e-06   3.39e-07   3.23e-09   4.36e-06 100.0%
                          92.2%       7.8%       0.1%
