
==========================================================================
floorplan final report_tns
--------------------------------------------------------------------------
tns 0.00

==========================================================================
floorplan final report_wns
--------------------------------------------------------------------------
wns 0.00

==========================================================================
floorplan final report_worst_slack
--------------------------------------------------------------------------
worst slack 99.66

==========================================================================
floorplan final report_checks -path_delay min
--------------------------------------------------------------------------
Startpoint: reset_n_i (input port clocked by clock_i)
Endpoint: counter_0/n20_q[0]$_DFFE_PP0P_
          (removal check against rising-edge clock clock_i)
Path Group: asynchronous
Path Type: min

Fanout     Cap    Slew   Delay    Time   Description
-----------------------------------------------------------------------------
                  0.00    0.00    0.00   clock clock_i (rise edge)
                          0.00    0.00   clock network delay (ideal)
                         25.00   25.00 ^ input external delay
     1    0.01    0.00    0.00   25.00 ^ reset_n_i (in)
                                         reset_n_i (net)
                  0.00    0.00   25.00 ^ _0_/A (sg13g2_inv_2)
     1    0.00    0.01    0.02   25.02 v _0_/Y (sg13g2_inv_2)
                                         n1_o (net)
                  0.01    0.00   25.02 v counter_0/_12_/A (sg13g2_inv_1)
     4    0.03    0.11    0.09   25.10 ^ counter_0/_12_/Y (sg13g2_inv_1)
                                         counter_0/_00_ (net)
                  0.11    0.00   25.10 ^ counter_0/n20_q[0]$_DFFE_PP0P_/RESET_B (sg13g2_dfrbp_1)
                                 25.10   data arrival time

                  0.00    0.00    0.00   clock clock_i (rise edge)
                          0.00    0.00   clock network delay (ideal)
                          0.00    0.00   clock reconvergence pessimism
                                  0.00 ^ counter_0/n20_q[0]$_DFFE_PP0P_/CLK (sg13g2_dfrbp_1)
                         -0.13   -0.13   library removal time
                                 -0.13   data required time
-----------------------------------------------------------------------------
                                 -0.13   data required time
                                -25.10   data arrival time
-----------------------------------------------------------------------------
                                 25.23   slack (MET)


Startpoint: counter_0/n20_q[3]$_DFFE_PP0P_
            (rising edge-triggered flip-flop clocked by clock_i)
Endpoint: counter_0/n20_q[3]$_DFFE_PP0P_
          (rising edge-triggered flip-flop clocked by clock_i)
Path Group: clock_i
Path Type: min

Fanout     Cap    Slew   Delay    Time   Description
-----------------------------------------------------------------------------
                  0.00    0.00    0.00   clock clock_i (rise edge)
                          0.00    0.00   clock network delay (ideal)
                  0.00    0.00    0.00 ^ counter_0/n20_q[3]$_DFFE_PP0P_/CLK (sg13g2_dfrbp_1)
     2    0.01    0.04    0.20    0.20 ^ counter_0/n20_q[3]$_DFFE_PP0P_/Q (sg13g2_dfrbp_1)
                                         counter_value_o[3] (net)
                  0.04    0.00    0.20 ^ counter_0/_19_/A (sg13g2_xnor2_1)
     1    0.00    0.03    0.06    0.26 v counter_0/_19_/Y (sg13g2_xnor2_1)
                                         counter_0/_04_ (net)
                  0.03    0.00    0.26 v counter_0/n20_q[3]$_DFFE_PP0P_/D (sg13g2_dfrbp_1)
                                  0.26   data arrival time

                  0.00    0.00    0.00   clock clock_i (rise edge)
                          0.00    0.00   clock network delay (ideal)
                          0.00    0.00   clock reconvergence pessimism
                                  0.00 ^ counter_0/n20_q[3]$_DFFE_PP0P_/CLK (sg13g2_dfrbp_1)
                         -0.04   -0.04   library hold time
                                 -0.04   data required time
-----------------------------------------------------------------------------
                                 -0.04   data required time
                                 -0.26   data arrival time
-----------------------------------------------------------------------------
                                  0.30   slack (MET)



==========================================================================
floorplan final report_checks -path_delay max
--------------------------------------------------------------------------
Startpoint: reset_n_i (input port clocked by clock_i)
Endpoint: counter_0/n20_q[0]$_DFFE_PP0P_
          (recovery check against rising-edge clock clock_i)
Path Group: asynchronous
Path Type: max

Fanout     Cap    Slew   Delay    Time   Description
-----------------------------------------------------------------------------
                  0.00    0.00    0.00   clock clock_i (rise edge)
                          0.00    0.00   clock network delay (ideal)
                         25.00   25.00 ^ input external delay
     1    0.01    0.00    0.00   25.00 ^ reset_n_i (in)
                                         reset_n_i (net)
                  0.00    0.00   25.00 ^ _0_/A (sg13g2_inv_2)
     1    0.00    0.01    0.02   25.02 v _0_/Y (sg13g2_inv_2)
                                         n1_o (net)
                  0.01    0.00   25.02 v counter_0/_12_/A (sg13g2_inv_1)
     4    0.03    0.11    0.09   25.10 ^ counter_0/_12_/Y (sg13g2_inv_1)
                                         counter_0/_00_ (net)
                  0.11    0.00   25.10 ^ counter_0/n20_q[0]$_DFFE_PP0P_/RESET_B (sg13g2_dfrbp_1)
                                 25.10   data arrival time

                  0.00  125.00  125.00   clock clock_i (rise edge)
                          0.00  125.00   clock network delay (ideal)
                          0.00  125.00   clock reconvergence pessimism
                                125.00 ^ counter_0/n20_q[0]$_DFFE_PP0P_/CLK (sg13g2_dfrbp_1)
                         -0.15  124.85   library recovery time
                                124.85   data required time
-----------------------------------------------------------------------------
                                124.85   data required time
                                -25.10   data arrival time
-----------------------------------------------------------------------------
                                 99.75   slack (MET)


Startpoint: enable_i (input port clocked by clock_i)
Endpoint: counter_0/n20_q[3]$_DFFE_PP0P_
          (rising edge-triggered flip-flop clocked by clock_i)
Path Group: clock_i
Path Type: max

Fanout     Cap    Slew   Delay    Time   Description
-----------------------------------------------------------------------------
                  0.00    0.00    0.00   clock clock_i (rise edge)
                          0.00    0.00   clock network delay (ideal)
                         25.00   25.00 ^ input external delay
     4    0.01    0.00    0.00   25.00 ^ enable_i (in)
                                         enable_i (net)
                  0.00    0.00   25.00 ^ counter_0/_18_/D (sg13g2_nand4_1)
     1    0.01    0.10    0.11   25.11 v counter_0/_18_/Y (sg13g2_nand4_1)
                                         counter_0/_07_ (net)
                  0.10    0.00   25.11 v counter_0/_19_/B (sg13g2_xnor2_1)
     1    0.00    0.03    0.11   25.22 v counter_0/_19_/Y (sg13g2_xnor2_1)
                                         counter_0/_04_ (net)
                  0.03    0.00   25.22 v counter_0/n20_q[3]$_DFFE_PP0P_/D (sg13g2_dfrbp_1)
                                 25.22   data arrival time

                  0.00  125.00  125.00   clock clock_i (rise edge)
                          0.00  125.00   clock network delay (ideal)
                          0.00  125.00   clock reconvergence pessimism
                                125.00 ^ counter_0/n20_q[3]$_DFFE_PP0P_/CLK (sg13g2_dfrbp_1)
                         -0.12  124.88   library setup time
                                124.88   data required time
-----------------------------------------------------------------------------
                                124.88   data required time
                                -25.22   data arrival time
-----------------------------------------------------------------------------
                                 99.66   slack (MET)



==========================================================================
floorplan final report_checks -unconstrained
--------------------------------------------------------------------------
Startpoint: reset_n_i (input port clocked by clock_i)
Endpoint: counter_0/n20_q[0]$_DFFE_PP0P_
          (recovery check against rising-edge clock clock_i)
Path Group: asynchronous
Path Type: max

Fanout     Cap    Slew   Delay    Time   Description
-----------------------------------------------------------------------------
                  0.00    0.00    0.00   clock clock_i (rise edge)
                          0.00    0.00   clock network delay (ideal)
                         25.00   25.00 ^ input external delay
     1    0.01    0.00    0.00   25.00 ^ reset_n_i (in)
                                         reset_n_i (net)
                  0.00    0.00   25.00 ^ _0_/A (sg13g2_inv_2)
     1    0.00    0.01    0.02   25.02 v _0_/Y (sg13g2_inv_2)
                                         n1_o (net)
                  0.01    0.00   25.02 v counter_0/_12_/A (sg13g2_inv_1)
     4    0.03    0.11    0.09   25.10 ^ counter_0/_12_/Y (sg13g2_inv_1)
                                         counter_0/_00_ (net)
                  0.11    0.00   25.10 ^ counter_0/n20_q[0]$_DFFE_PP0P_/RESET_B (sg13g2_dfrbp_1)
                                 25.10   data arrival time

                  0.00  125.00  125.00   clock clock_i (rise edge)
                          0.00  125.00   clock network delay (ideal)
                          0.00  125.00   clock reconvergence pessimism
                                125.00 ^ counter_0/n20_q[0]$_DFFE_PP0P_/CLK (sg13g2_dfrbp_1)
                         -0.15  124.85   library recovery time
                                124.85   data required time
-----------------------------------------------------------------------------
                                124.85   data required time
                                -25.10   data arrival time
-----------------------------------------------------------------------------
                                 99.75   slack (MET)


Startpoint: enable_i (input port clocked by clock_i)
Endpoint: counter_0/n20_q[3]$_DFFE_PP0P_
          (rising edge-triggered flip-flop clocked by clock_i)
Path Group: clock_i
Path Type: max

Fanout     Cap    Slew   Delay    Time   Description
-----------------------------------------------------------------------------
                  0.00    0.00    0.00   clock clock_i (rise edge)
                          0.00    0.00   clock network delay (ideal)
                         25.00   25.00 ^ input external delay
     4    0.01    0.00    0.00   25.00 ^ enable_i (in)
                                         enable_i (net)
                  0.00    0.00   25.00 ^ counter_0/_18_/D (sg13g2_nand4_1)
     1    0.01    0.10    0.11   25.11 v counter_0/_18_/Y (sg13g2_nand4_1)
                                         counter_0/_07_ (net)
                  0.10    0.00   25.11 v counter_0/_19_/B (sg13g2_xnor2_1)
     1    0.00    0.03    0.11   25.22 v counter_0/_19_/Y (sg13g2_xnor2_1)
                                         counter_0/_04_ (net)
                  0.03    0.00   25.22 v counter_0/n20_q[3]$_DFFE_PP0P_/D (sg13g2_dfrbp_1)
                                 25.22   data arrival time

                  0.00  125.00  125.00   clock clock_i (rise edge)
                          0.00  125.00   clock network delay (ideal)
                          0.00  125.00   clock reconvergence pessimism
                                125.00 ^ counter_0/n20_q[3]$_DFFE_PP0P_/CLK (sg13g2_dfrbp_1)
                         -0.12  124.88   library setup time
                                124.88   data required time
-----------------------------------------------------------------------------
                                124.88   data required time
                                -25.22   data arrival time
-----------------------------------------------------------------------------
                                 99.66   slack (MET)



==========================================================================
floorplan final report_power
--------------------------------------------------------------------------
Group                  Internal  Switching    Leakage      Total
                          Power      Power      Power      Power (Watts)
----------------------------------------------------------------
Sequential             3.62e-06   2.36e-07   2.15e-09   3.86e-06  88.7%
Combinational          3.69e-07   1.20e-07   1.27e-09   4.90e-07  11.3%
Clock                  0.00e+00   0.00e+00   0.00e+00   0.00e+00   0.0%
Macro                  0.00e+00   0.00e+00   0.00e+00   0.00e+00   0.0%
Pad                    0.00e+00   0.00e+00   0.00e+00   0.00e+00   0.0%
----------------------------------------------------------------
Total                  3.99e-06   3.56e-07   3.42e-09   4.35e-06 100.0%
                          91.7%       8.2%       0.1%
