
==========================================================================
detailed place report_tns
--------------------------------------------------------------------------
tns max 0.00

==========================================================================
detailed place report_wns
--------------------------------------------------------------------------
wns max 0.00

==========================================================================
detailed place report_worst_slack
--------------------------------------------------------------------------
worst slack max 99.53

==========================================================================
detailed place report_checks -path_delay min
--------------------------------------------------------------------------
Startpoint: reset_n_i (input port clocked by clock_i)
Endpoint: counter_0/n20[1]$_DFFE_PP0P_
          (removal check against rising-edge clock clock_i)
Path Group: asynchronous
Path Type: min

Fanout     Cap    Slew   Delay    Time   Description
-----------------------------------------------------------------------------
                  0.00    0.00    0.00   clock clock_i (rise edge)
                          0.00    0.00   clock network delay (ideal)
                         25.00   25.00 ^ input external delay
     1    0.01    0.00    0.00   25.00 ^ reset_n_i (in)
                                         reset_n_i (net)
                  0.00    0.00   25.00 ^ input2/A (sg13g2_buf_1)
     1    0.01    0.04    0.06   25.06 ^ input2/X (sg13g2_buf_1)
                                         net2 (net)
                  0.04    0.00   25.06 ^ _0_/A (sg13g2_inv_2)
     1    0.01    0.03    0.04   25.10 v _0_/Y (sg13g2_inv_2)
                                         n1 (net)
                  0.03    0.00   25.10 v counter_0/_12_/A (sg13g2_inv_4)
     4    0.03    0.04    0.04   25.14 ^ counter_0/_12_/Y (sg13g2_inv_4)
                                         counter_0/_00_ (net)
                  0.04    0.00   25.14 ^ counter_0/n20[1]$_DFFE_PP0P_/RESET_B (sg13g2_dfrbp_1)
                                 25.14   data arrival time

                  0.00    0.00    0.00   clock clock_i (rise edge)
                          0.00    0.00   clock network delay (ideal)
                          0.00    0.00   clock reconvergence pessimism
                                  0.00 ^ counter_0/n20[1]$_DFFE_PP0P_/CLK (sg13g2_dfrbp_1)
                         -0.11   -0.11   library removal time
                                 -0.11   data required time
-----------------------------------------------------------------------------
                                 -0.11   data required time
                                -25.14   data arrival time
-----------------------------------------------------------------------------
                                 25.24   slack (MET)


Startpoint: counter_0/n20[3]$_DFFE_PP0P_
            (rising edge-triggered flip-flop clocked by clock_i)
Endpoint: counter_0/n20[3]$_DFFE_PP0P_
          (rising edge-triggered flip-flop clocked by clock_i)
Path Group: clock_i
Path Type: min

Fanout     Cap    Slew   Delay    Time   Description
-----------------------------------------------------------------------------
                  0.00    0.00    0.00   clock clock_i (rise edge)
                          0.00    0.00   clock network delay (ideal)
                  0.00    0.00    0.00 ^ counter_0/n20[3]$_DFFE_PP0P_/CLK (sg13g2_dfrbp_1)
     2    0.01    0.06    0.22    0.22 ^ counter_0/n20[3]$_DFFE_PP0P_/Q (sg13g2_dfrbp_1)
                                         net6 (net)
                  0.06    0.00    0.22 ^ counter_0/_19_/A (sg13g2_xnor2_1)
     1    0.00    0.03    0.07    0.28 v counter_0/_19_/Y (sg13g2_xnor2_1)
                                         counter_0/_04_ (net)
                  0.03    0.00    0.28 v counter_0/n20[3]$_DFFE_PP0P_/D (sg13g2_dfrbp_1)
                                  0.28   data arrival time

                  0.00    0.00    0.00   clock clock_i (rise edge)
                          0.00    0.00   clock network delay (ideal)
                          0.00    0.00   clock reconvergence pessimism
                                  0.00 ^ counter_0/n20[3]$_DFFE_PP0P_/CLK (sg13g2_dfrbp_1)
                         -0.04   -0.04   library hold time
                                 -0.04   data required time
-----------------------------------------------------------------------------
                                 -0.04   data required time
                                 -0.28   data arrival time
-----------------------------------------------------------------------------
                                  0.32   slack (MET)



==========================================================================
detailed place report_checks -path_delay max
--------------------------------------------------------------------------
Startpoint: reset_n_i (input port clocked by clock_i)
Endpoint: counter_0/n20[0]$_DFFE_PP0P_
          (recovery check against rising-edge clock clock_i)
Path Group: asynchronous
Path Type: max

Fanout     Cap    Slew   Delay    Time   Description
-----------------------------------------------------------------------------
                  0.00    0.00    0.00   clock clock_i (rise edge)
                          0.00    0.00   clock network delay (ideal)
                         25.00   25.00 ^ input external delay
     1    0.01    0.00    0.00   25.00 ^ reset_n_i (in)
                                         reset_n_i (net)
                  0.00    0.00   25.00 ^ input2/A (sg13g2_buf_1)
     1    0.01    0.04    0.06   25.06 ^ input2/X (sg13g2_buf_1)
                                         net2 (net)
                  0.04    0.00   25.06 ^ _0_/A (sg13g2_inv_2)
     1    0.01    0.03    0.04   25.10 v _0_/Y (sg13g2_inv_2)
                                         n1 (net)
                  0.03    0.00   25.10 v counter_0/_12_/A (sg13g2_inv_4)
     4    0.03    0.04    0.04   25.14 ^ counter_0/_12_/Y (sg13g2_inv_4)
                                         counter_0/_00_ (net)
                  0.04    0.00   25.14 ^ counter_0/n20[0]$_DFFE_PP0P_/RESET_B (sg13g2_dfrbp_1)
                                 25.14   data arrival time

                  0.00  125.00  125.00   clock clock_i (rise edge)
                          0.00  125.00   clock network delay (ideal)
                          0.00  125.00   clock reconvergence pessimism
                                125.00 ^ counter_0/n20[0]$_DFFE_PP0P_/CLK (sg13g2_dfrbp_1)
                         -0.12  124.88   library recovery time
                                124.88   data required time
-----------------------------------------------------------------------------
                                124.88   data required time
                                -25.14   data arrival time
-----------------------------------------------------------------------------
                                 99.74   slack (MET)


Startpoint: enable_i (input port clocked by clock_i)
Endpoint: counter_0/n20[3]$_DFFE_PP0P_
          (rising edge-triggered flip-flop clocked by clock_i)
Path Group: clock_i
Path Type: max

Fanout     Cap    Slew   Delay    Time   Description
-----------------------------------------------------------------------------
                  0.00    0.00    0.00   clock clock_i (rise edge)
                          0.00    0.00   clock network delay (ideal)
                         25.00   25.00 ^ input external delay
     1    0.01    0.00    0.00   25.00 ^ enable_i (in)
                                         enable_i (net)
                  0.00    0.00   25.00 ^ input1/A (sg13g2_buf_1)
     4    0.02    0.08    0.09   25.09 ^ input1/X (sg13g2_buf_1)
                                         net1 (net)
                  0.08    0.00   25.09 ^ counter_0/_18_/D (sg13g2_nand4_1)
     1    0.01    0.10    0.14   25.23 v counter_0/_18_/Y (sg13g2_nand4_1)
                                         counter_0/_07_ (net)
                  0.10    0.00   25.23 v counter_0/_19_/B (sg13g2_xnor2_1)
     1    0.00    0.04    0.11   25.34 v counter_0/_19_/Y (sg13g2_xnor2_1)
                                         counter_0/_04_ (net)
                  0.04    0.00   25.34 v counter_0/n20[3]$_DFFE_PP0P_/D (sg13g2_dfrbp_1)
                                 25.34   data arrival time

                  0.00  125.00  125.00   clock clock_i (rise edge)
                          0.00  125.00   clock network delay (ideal)
                          0.00  125.00   clock reconvergence pessimism
                                125.00 ^ counter_0/n20[3]$_DFFE_PP0P_/CLK (sg13g2_dfrbp_1)
                         -0.12  124.88   library setup time
                                124.88   data required time
-----------------------------------------------------------------------------
                                124.88   data required time
                                -25.34   data arrival time
-----------------------------------------------------------------------------
                                 99.53   slack (MET)



==========================================================================
detailed place report_checks -unconstrained
--------------------------------------------------------------------------
Startpoint: reset_n_i (input port clocked by clock_i)
Endpoint: counter_0/n20[0]$_DFFE_PP0P_
          (recovery check against rising-edge clock clock_i)
Path Group: asynchronous
Path Type: max

Fanout     Cap    Slew   Delay    Time   Description
-----------------------------------------------------------------------------
                  0.00    0.00    0.00   clock clock_i (rise edge)
                          0.00    0.00   clock network delay (ideal)
                         25.00   25.00 ^ input external delay
     1    0.01    0.00    0.00   25.00 ^ reset_n_i (in)
                                         reset_n_i (net)
                  0.00    0.00   25.00 ^ input2/A (sg13g2_buf_1)
     1    0.01    0.04    0.06   25.06 ^ input2/X (sg13g2_buf_1)
                                         net2 (net)
                  0.04    0.00   25.06 ^ _0_/A (sg13g2_inv_2)
     1    0.01    0.03    0.04   25.10 v _0_/Y (sg13g2_inv_2)
                                         n1 (net)
                  0.03    0.00   25.10 v counter_0/_12_/A (sg13g2_inv_4)
     4    0.03    0.04    0.04   25.14 ^ counter_0/_12_/Y (sg13g2_inv_4)
                                         counter_0/_00_ (net)
                  0.04    0.00   25.14 ^ counter_0/n20[0]$_DFFE_PP0P_/RESET_B (sg13g2_dfrbp_1)
                                 25.14   data arrival time

                  0.00  125.00  125.00   clock clock_i (rise edge)
                          0.00  125.00   clock network delay (ideal)
                          0.00  125.00   clock reconvergence pessimism
                                125.00 ^ counter_0/n20[0]$_DFFE_PP0P_/CLK (sg13g2_dfrbp_1)
                         -0.12  124.88   library recovery time
                                124.88   data required time
-----------------------------------------------------------------------------
                                124.88   data required time
                                -25.14   data arrival time
-----------------------------------------------------------------------------
                                 99.74   slack (MET)


Startpoint: enable_i (input port clocked by clock_i)
Endpoint: counter_0/n20[3]$_DFFE_PP0P_
          (rising edge-triggered flip-flop clocked by clock_i)
Path Group: clock_i
Path Type: max

Fanout     Cap    Slew   Delay    Time   Description
-----------------------------------------------------------------------------
                  0.00    0.00    0.00   clock clock_i (rise edge)
                          0.00    0.00   clock network delay (ideal)
                         25.00   25.00 ^ input external delay
     1    0.01    0.00    0.00   25.00 ^ enable_i (in)
                                         enable_i (net)
                  0.00    0.00   25.00 ^ input1/A (sg13g2_buf_1)
     4    0.02    0.08    0.09   25.09 ^ input1/X (sg13g2_buf_1)
                                         net1 (net)
                  0.08    0.00   25.09 ^ counter_0/_18_/D (sg13g2_nand4_1)
     1    0.01    0.10    0.14   25.23 v counter_0/_18_/Y (sg13g2_nand4_1)
                                         counter_0/_07_ (net)
                  0.10    0.00   25.23 v counter_0/_19_/B (sg13g2_xnor2_1)
     1    0.00    0.04    0.11   25.34 v counter_0/_19_/Y (sg13g2_xnor2_1)
                                         counter_0/_04_ (net)
                  0.04    0.00   25.34 v counter_0/n20[3]$_DFFE_PP0P_/D (sg13g2_dfrbp_1)
                                 25.34   data arrival time

                  0.00  125.00  125.00   clock clock_i (rise edge)
                          0.00  125.00   clock network delay (ideal)
                          0.00  125.00   clock reconvergence pessimism
                                125.00 ^ counter_0/n20[3]$_DFFE_PP0P_/CLK (sg13g2_dfrbp_1)
                         -0.12  124.88   library setup time
                                124.88   data required time
-----------------------------------------------------------------------------
                                124.88   data required time
                                -25.34   data arrival time
-----------------------------------------------------------------------------
                                 99.53   slack (MET)



==========================================================================
detailed place report_check_types -max_slew -max_cap -max_fanout -violators
--------------------------------------------------------------------------

==========================================================================
detailed place max_slew_check_slack
--------------------------------------------------------------------------
2.403961420059204

==========================================================================
detailed place max_slew_check_limit
--------------------------------------------------------------------------
2.5074000358581543

==========================================================================
detailed place max_slew_check_slack_limit
--------------------------------------------------------------------------
0.9587

==========================================================================
detailed place max_fanout_check_slack
--------------------------------------------------------------------------
3.0

==========================================================================
detailed place max_fanout_check_limit
--------------------------------------------------------------------------
8.0

==========================================================================
detailed place max_fanout_check_slack_limit
--------------------------------------------------------------------------
0.3750

==========================================================================
detailed place max_capacitance_check_slack
--------------------------------------------------------------------------
0.2762278914451599

==========================================================================
detailed place max_capacitance_check_limit
--------------------------------------------------------------------------
0.30000001192092896

==========================================================================
detailed place max_capacitance_check_slack_limit
--------------------------------------------------------------------------
0.9208

==========================================================================
detailed place max_slew_violation_count
--------------------------------------------------------------------------
max slew violation count 0

==========================================================================
detailed place max_fanout_violation_count
--------------------------------------------------------------------------
max fanout violation count 0

==========================================================================
detailed place max_cap_violation_count
--------------------------------------------------------------------------
max cap violation count 0

==========================================================================
detailed place setup_violation_count
--------------------------------------------------------------------------
setup violation count 0

==========================================================================
detailed place hold_violation_count
--------------------------------------------------------------------------
hold violation count 0

==========================================================================
detailed place report_checks -path_delay max reg to reg
--------------------------------------------------------------------------
Startpoint: counter_0/n20[0]$_DFFE_PP0P_
            (rising edge-triggered flip-flop clocked by clock_i)
Endpoint: counter_0/n20[3]$_DFFE_PP0P_
          (rising edge-triggered flip-flop clocked by clock_i)
Path Group: clock_i
Path Type: max

  Delay    Time   Description
---------------------------------------------------------
   0.00    0.00   clock clock_i (rise edge)
   0.00    0.00   clock network delay (ideal)
   0.00    0.00 ^ counter_0/n20[0]$_DFFE_PP0P_/CLK (sg13g2_dfrbp_1)
   0.25    0.25 ^ counter_0/n20[0]$_DFFE_PP0P_/Q (sg13g2_dfrbp_1)
   0.14    0.38 v counter_0/_18_/Y (sg13g2_nand4_1)
   0.11    0.50 v counter_0/_19_/Y (sg13g2_xnor2_1)
   0.00    0.50 v counter_0/n20[3]$_DFFE_PP0P_/D (sg13g2_dfrbp_1)
           0.50   data arrival time

 125.00  125.00   clock clock_i (rise edge)
   0.00  125.00   clock network delay (ideal)
   0.00  125.00   clock reconvergence pessimism
         125.00 ^ counter_0/n20[3]$_DFFE_PP0P_/CLK (sg13g2_dfrbp_1)
  -0.12  124.88   library setup time
         124.88   data required time
---------------------------------------------------------
         124.88   data required time
          -0.50   data arrival time
---------------------------------------------------------
         124.38   slack (MET)



==========================================================================
detailed place report_checks -path_delay min reg to reg
--------------------------------------------------------------------------
Startpoint: counter_0/n20[3]$_DFFE_PP0P_
            (rising edge-triggered flip-flop clocked by clock_i)
Endpoint: counter_0/n20[3]$_DFFE_PP0P_
          (rising edge-triggered flip-flop clocked by clock_i)
Path Group: clock_i
Path Type: min

  Delay    Time   Description
---------------------------------------------------------
   0.00    0.00   clock clock_i (rise edge)
   0.00    0.00   clock network delay (ideal)
   0.00    0.00 ^ counter_0/n20[3]$_DFFE_PP0P_/CLK (sg13g2_dfrbp_1)
   0.22    0.22 ^ counter_0/n20[3]$_DFFE_PP0P_/Q (sg13g2_dfrbp_1)
   0.07    0.28 v counter_0/_19_/Y (sg13g2_xnor2_1)
   0.00    0.28 v counter_0/n20[3]$_DFFE_PP0P_/D (sg13g2_dfrbp_1)
           0.28   data arrival time

   0.00    0.00   clock clock_i (rise edge)
   0.00    0.00   clock network delay (ideal)
   0.00    0.00   clock reconvergence pessimism
           0.00 ^ counter_0/n20[3]$_DFFE_PP0P_/CLK (sg13g2_dfrbp_1)
  -0.04   -0.04   library hold time
          -0.04   data required time
---------------------------------------------------------
          -0.04   data required time
          -0.28   data arrival time
---------------------------------------------------------
           0.32   slack (MET)



==========================================================================
detailed place critical path target clock latency max path
--------------------------------------------------------------------------
0.0000

==========================================================================
detailed place critical path target clock latency min path
--------------------------------------------------------------------------
0.0000

==========================================================================
detailed place critical path source clock latency min path
--------------------------------------------------------------------------
0.0000

==========================================================================
detailed place critical path delay
--------------------------------------------------------------------------
25.3425

==========================================================================
detailed place critical path slack
--------------------------------------------------------------------------
99.5333

==========================================================================
detailed place slack div critical path delay
--------------------------------------------------------------------------
392.752491

==========================================================================
detailed place report_power
--------------------------------------------------------------------------
Group                  Internal  Switching    Leakage      Total
                          Power      Power      Power      Power (Watts)
----------------------------------------------------------------
Sequential             3.80e-06   4.11e-07   2.15e-09   4.21e-06  83.4%
Combinational          5.57e-07   2.78e-07   2.12e-09   8.37e-07  16.6%
Clock                  0.00e+00   0.00e+00   0.00e+00   0.00e+00   0.0%
Macro                  0.00e+00   0.00e+00   0.00e+00   0.00e+00   0.0%
Pad                    0.00e+00   0.00e+00   0.00e+00   0.00e+00   0.0%
----------------------------------------------------------------
Total                  4.36e-06   6.89e-07   4.27e-09   5.05e-06 100.0%
                          86.3%      13.6%       0.1%
