
==========================================================================
resizer report_tns
--------------------------------------------------------------------------
tns max 0.00

==========================================================================
resizer report_wns
--------------------------------------------------------------------------
wns max 0.00

==========================================================================
resizer report_worst_slack
--------------------------------------------------------------------------
worst slack max 99.54

==========================================================================
resizer report_checks -path_delay min
--------------------------------------------------------------------------
Startpoint: reset_n_i (input port clocked by clock_i)
Endpoint: counter_0/n20[0]$_DFFE_PP0P_
          (removal check against rising-edge clock clock_i)
Path Group: asynchronous
Path Type: min

Fanout     Cap    Slew   Delay    Time   Description
-----------------------------------------------------------------------------
                  0.00    0.00    0.00   clock clock_i (rise edge)
                          0.00    0.00   clock network delay (ideal)
                         25.00   25.00 ^ input external delay
     1    0.01    0.00    0.00   25.00 ^ reset_n_i (in)
                                         reset_n_i (net)
                  0.00    0.00   25.00 ^ input2/A (sg13g2_buf_1)
     1    0.01    0.04    0.06   25.06 ^ input2/X (sg13g2_buf_1)
                                         net2 (net)
                  0.04    0.00   25.06 ^ _0_/A (sg13g2_inv_2)
     1    0.01    0.03    0.04   25.10 v _0_/Y (sg13g2_inv_2)
                                         n1 (net)
                  0.03    0.00   25.10 v counter_0/_12_/A (sg13g2_inv_4)
     4    0.03    0.04    0.04   25.13 ^ counter_0/_12_/Y (sg13g2_inv_4)
                                         counter_0/_00_ (net)
                  0.04    0.00   25.13 ^ counter_0/n20[0]$_DFFE_PP0P_/RESET_B (sg13g2_dfrbp_1)
                                 25.13   data arrival time

                  0.00    0.00    0.00   clock clock_i (rise edge)
                          0.00    0.00   clock network delay (ideal)
                          0.00    0.00   clock reconvergence pessimism
                                  0.00 ^ counter_0/n20[0]$_DFFE_PP0P_/CLK (sg13g2_dfrbp_1)
                         -0.11   -0.11   library removal time
                                 -0.11   data required time
-----------------------------------------------------------------------------
                                 -0.11   data required time
                                -25.13   data arrival time
-----------------------------------------------------------------------------
                                 25.24   slack (MET)


Startpoint: counter_0/n20[3]$_DFFE_PP0P_
            (rising edge-triggered flip-flop clocked by clock_i)
Endpoint: counter_0/n20[3]$_DFFE_PP0P_
          (rising edge-triggered flip-flop clocked by clock_i)
Path Group: clock_i
Path Type: min

Fanout     Cap    Slew   Delay    Time   Description
-----------------------------------------------------------------------------
                  0.00    0.00    0.00   clock clock_i (rise edge)
                          0.00    0.00   clock network delay (ideal)
                  0.00    0.00    0.00 ^ counter_0/n20[3]$_DFFE_PP0P_/CLK (sg13g2_dfrbp_1)
     2    0.01    0.05    0.21    0.21 ^ counter_0/n20[3]$_DFFE_PP0P_/Q (sg13g2_dfrbp_1)
                                         net6 (net)
                  0.05    0.00    0.21 ^ counter_0/_19_/A (sg13g2_xnor2_1)
     1    0.00    0.03    0.06    0.28 v counter_0/_19_/Y (sg13g2_xnor2_1)
                                         counter_0/_04_ (net)
                  0.03    0.00    0.28 v counter_0/n20[3]$_DFFE_PP0P_/D (sg13g2_dfrbp_1)
                                  0.28   data arrival time

                  0.00    0.00    0.00   clock clock_i (rise edge)
                          0.00    0.00   clock network delay (ideal)
                          0.00    0.00   clock reconvergence pessimism
                                  0.00 ^ counter_0/n20[3]$_DFFE_PP0P_/CLK (sg13g2_dfrbp_1)
                         -0.04   -0.04   library hold time
                                 -0.04   data required time
-----------------------------------------------------------------------------
                                 -0.04   data required time
                                 -0.28   data arrival time
-----------------------------------------------------------------------------
                                  0.32   slack (MET)



==========================================================================
resizer report_checks -path_delay max
--------------------------------------------------------------------------
Startpoint: reset_n_i (input port clocked by clock_i)
Endpoint: counter_0/n20[1]$_DFFE_PP0P_
          (recovery check against rising-edge clock clock_i)
Path Group: asynchronous
Path Type: max

Fanout     Cap    Slew   Delay    Time   Description
-----------------------------------------------------------------------------
                  0.00    0.00    0.00   clock clock_i (rise edge)
                          0.00    0.00   clock network delay (ideal)
                         25.00   25.00 ^ input external delay
     1    0.01    0.00    0.00   25.00 ^ reset_n_i (in)
                                         reset_n_i (net)
                  0.00    0.00   25.00 ^ input2/A (sg13g2_buf_1)
     1    0.01    0.04    0.06   25.06 ^ input2/X (sg13g2_buf_1)
                                         net2 (net)
                  0.04    0.00   25.06 ^ _0_/A (sg13g2_inv_2)
     1    0.01    0.03    0.04   25.10 v _0_/Y (sg13g2_inv_2)
                                         n1 (net)
                  0.03    0.00   25.10 v counter_0/_12_/A (sg13g2_inv_4)
     4    0.03    0.04    0.04   25.13 ^ counter_0/_12_/Y (sg13g2_inv_4)
                                         counter_0/_00_ (net)
                  0.04    0.00   25.14 ^ counter_0/n20[1]$_DFFE_PP0P_/RESET_B (sg13g2_dfrbp_1)
                                 25.14   data arrival time

                  0.00  125.00  125.00   clock clock_i (rise edge)
                          0.00  125.00   clock network delay (ideal)
                          0.00  125.00   clock reconvergence pessimism
                                125.00 ^ counter_0/n20[1]$_DFFE_PP0P_/CLK (sg13g2_dfrbp_1)
                         -0.12  124.88   library recovery time
                                124.88   data required time
-----------------------------------------------------------------------------
                                124.88   data required time
                                -25.14   data arrival time
-----------------------------------------------------------------------------
                                 99.74   slack (MET)


Startpoint: enable_i (input port clocked by clock_i)
Endpoint: counter_0/n20[3]$_DFFE_PP0P_
          (rising edge-triggered flip-flop clocked by clock_i)
Path Group: clock_i
Path Type: max

Fanout     Cap    Slew   Delay    Time   Description
-----------------------------------------------------------------------------
                  0.00    0.00    0.00   clock clock_i (rise edge)
                          0.00    0.00   clock network delay (ideal)
                         25.00   25.00 ^ input external delay
     1    0.01    0.00    0.00   25.00 ^ enable_i (in)
                                         enable_i (net)
                  0.00    0.00   25.00 ^ input1/A (sg13g2_buf_1)
     4    0.02    0.07    0.09   25.09 ^ input1/X (sg13g2_buf_1)
                                         net1 (net)
                  0.07    0.00   25.09 ^ counter_0/_18_/D (sg13g2_nand4_1)
     1    0.01    0.11    0.14   25.23 v counter_0/_18_/Y (sg13g2_nand4_1)
                                         counter_0/_07_ (net)
                  0.11    0.00   25.23 v counter_0/_19_/B (sg13g2_xnor2_1)
     1    0.00    0.04    0.11   25.34 v counter_0/_19_/Y (sg13g2_xnor2_1)
                                         counter_0/_04_ (net)
                  0.04    0.00   25.34 v counter_0/n20[3]$_DFFE_PP0P_/D (sg13g2_dfrbp_1)
                                 25.34   data arrival time

                  0.00  125.00  125.00   clock clock_i (rise edge)
                          0.00  125.00   clock network delay (ideal)
                          0.00  125.00   clock reconvergence pessimism
                                125.00 ^ counter_0/n20[3]$_DFFE_PP0P_/CLK (sg13g2_dfrbp_1)
                         -0.12  124.88   library setup time
                                124.88   data required time
-----------------------------------------------------------------------------
                                124.88   data required time
                                -25.34   data arrival time
-----------------------------------------------------------------------------
                                 99.54   slack (MET)



==========================================================================
resizer report_checks -unconstrained
--------------------------------------------------------------------------
Startpoint: reset_n_i (input port clocked by clock_i)
Endpoint: counter_0/n20[1]$_DFFE_PP0P_
          (recovery check against rising-edge clock clock_i)
Path Group: asynchronous
Path Type: max

Fanout     Cap    Slew   Delay    Time   Description
-----------------------------------------------------------------------------
                  0.00    0.00    0.00   clock clock_i (rise edge)
                          0.00    0.00   clock network delay (ideal)
                         25.00   25.00 ^ input external delay
     1    0.01    0.00    0.00   25.00 ^ reset_n_i (in)
                                         reset_n_i (net)
                  0.00    0.00   25.00 ^ input2/A (sg13g2_buf_1)
     1    0.01    0.04    0.06   25.06 ^ input2/X (sg13g2_buf_1)
                                         net2 (net)
                  0.04    0.00   25.06 ^ _0_/A (sg13g2_inv_2)
     1    0.01    0.03    0.04   25.10 v _0_/Y (sg13g2_inv_2)
                                         n1 (net)
                  0.03    0.00   25.10 v counter_0/_12_/A (sg13g2_inv_4)
     4    0.03    0.04    0.04   25.13 ^ counter_0/_12_/Y (sg13g2_inv_4)
                                         counter_0/_00_ (net)
                  0.04    0.00   25.14 ^ counter_0/n20[1]$_DFFE_PP0P_/RESET_B (sg13g2_dfrbp_1)
                                 25.14   data arrival time

                  0.00  125.00  125.00   clock clock_i (rise edge)
                          0.00  125.00   clock network delay (ideal)
                          0.00  125.00   clock reconvergence pessimism
                                125.00 ^ counter_0/n20[1]$_DFFE_PP0P_/CLK (sg13g2_dfrbp_1)
                         -0.12  124.88   library recovery time
                                124.88   data required time
-----------------------------------------------------------------------------
                                124.88   data required time
                                -25.14   data arrival time
-----------------------------------------------------------------------------
                                 99.74   slack (MET)


Startpoint: enable_i (input port clocked by clock_i)
Endpoint: counter_0/n20[3]$_DFFE_PP0P_
          (rising edge-triggered flip-flop clocked by clock_i)
Path Group: clock_i
Path Type: max

Fanout     Cap    Slew   Delay    Time   Description
-----------------------------------------------------------------------------
                  0.00    0.00    0.00   clock clock_i (rise edge)
                          0.00    0.00   clock network delay (ideal)
                         25.00   25.00 ^ input external delay
     1    0.01    0.00    0.00   25.00 ^ enable_i (in)
                                         enable_i (net)
                  0.00    0.00   25.00 ^ input1/A (sg13g2_buf_1)
     4    0.02    0.07    0.09   25.09 ^ input1/X (sg13g2_buf_1)
                                         net1 (net)
                  0.07    0.00   25.09 ^ counter_0/_18_/D (sg13g2_nand4_1)
     1    0.01    0.11    0.14   25.23 v counter_0/_18_/Y (sg13g2_nand4_1)
                                         counter_0/_07_ (net)
                  0.11    0.00   25.23 v counter_0/_19_/B (sg13g2_xnor2_1)
     1    0.00    0.04    0.11   25.34 v counter_0/_19_/Y (sg13g2_xnor2_1)
                                         counter_0/_04_ (net)
                  0.04    0.00   25.34 v counter_0/n20[3]$_DFFE_PP0P_/D (sg13g2_dfrbp_1)
                                 25.34   data arrival time

                  0.00  125.00  125.00   clock clock_i (rise edge)
                          0.00  125.00   clock network delay (ideal)
                          0.00  125.00   clock reconvergence pessimism
                                125.00 ^ counter_0/n20[3]$_DFFE_PP0P_/CLK (sg13g2_dfrbp_1)
                         -0.12  124.88   library setup time
                                124.88   data required time
-----------------------------------------------------------------------------
                                124.88   data required time
                                -25.34   data arrival time
-----------------------------------------------------------------------------
                                 99.54   slack (MET)



==========================================================================
resizer report_check_types -max_slew -max_cap -max_fanout -violators
--------------------------------------------------------------------------

==========================================================================
resizer max_slew_check_slack
--------------------------------------------------------------------------
2.3992433547973633

==========================================================================
resizer max_slew_check_limit
--------------------------------------------------------------------------
2.5074000358581543

==========================================================================
resizer max_slew_check_slack_limit
--------------------------------------------------------------------------
0.9569

==========================================================================
resizer max_fanout_check_slack
--------------------------------------------------------------------------
3.0

==========================================================================
resizer max_fanout_check_limit
--------------------------------------------------------------------------
8.0

==========================================================================
resizer max_fanout_check_slack_limit
--------------------------------------------------------------------------
0.3750

==========================================================================
resizer max_capacitance_check_slack
--------------------------------------------------------------------------
0.27819034457206726

==========================================================================
resizer max_capacitance_check_limit
--------------------------------------------------------------------------
0.30000001192092896

==========================================================================
resizer max_capacitance_check_slack_limit
--------------------------------------------------------------------------
0.9273

==========================================================================
resizer max_slew_violation_count
--------------------------------------------------------------------------
max slew violation count 0

==========================================================================
resizer max_fanout_violation_count
--------------------------------------------------------------------------
max fanout violation count 0

==========================================================================
resizer max_cap_violation_count
--------------------------------------------------------------------------
max cap violation count 0

==========================================================================
resizer setup_violation_count
--------------------------------------------------------------------------
setup violation count 0

==========================================================================
resizer hold_violation_count
--------------------------------------------------------------------------
hold violation count 0

==========================================================================
resizer report_checks -path_delay max reg to reg
--------------------------------------------------------------------------
Startpoint: counter_0/n20[0]$_DFFE_PP0P_
            (rising edge-triggered flip-flop clocked by clock_i)
Endpoint: counter_0/n20[3]$_DFFE_PP0P_
          (rising edge-triggered flip-flop clocked by clock_i)
Path Group: clock_i
Path Type: max

  Delay    Time   Description
---------------------------------------------------------
   0.00    0.00   clock clock_i (rise edge)
   0.00    0.00   clock network delay (ideal)
   0.00    0.00 ^ counter_0/n20[0]$_DFFE_PP0P_/CLK (sg13g2_dfrbp_1)
   0.24    0.24 ^ counter_0/n20[0]$_DFFE_PP0P_/Q (sg13g2_dfrbp_1)
   0.14    0.38 v counter_0/_18_/Y (sg13g2_nand4_1)
   0.11    0.49 v counter_0/_19_/Y (sg13g2_xnor2_1)
   0.00    0.49 v counter_0/n20[3]$_DFFE_PP0P_/D (sg13g2_dfrbp_1)
           0.49   data arrival time

 125.00  125.00   clock clock_i (rise edge)
   0.00  125.00   clock network delay (ideal)
   0.00  125.00   clock reconvergence pessimism
         125.00 ^ counter_0/n20[3]$_DFFE_PP0P_/CLK (sg13g2_dfrbp_1)
  -0.12  124.88   library setup time
         124.88   data required time
---------------------------------------------------------
         124.88   data required time
          -0.49   data arrival time
---------------------------------------------------------
         124.38   slack (MET)



==========================================================================
resizer report_checks -path_delay min reg to reg
--------------------------------------------------------------------------
Startpoint: counter_0/n20[3]$_DFFE_PP0P_
            (rising edge-triggered flip-flop clocked by clock_i)
Endpoint: counter_0/n20[3]$_DFFE_PP0P_
          (rising edge-triggered flip-flop clocked by clock_i)
Path Group: clock_i
Path Type: min

  Delay    Time   Description
---------------------------------------------------------
   0.00    0.00   clock clock_i (rise edge)
   0.00    0.00   clock network delay (ideal)
   0.00    0.00 ^ counter_0/n20[3]$_DFFE_PP0P_/CLK (sg13g2_dfrbp_1)
   0.21    0.21 ^ counter_0/n20[3]$_DFFE_PP0P_/Q (sg13g2_dfrbp_1)
   0.06    0.28 v counter_0/_19_/Y (sg13g2_xnor2_1)
   0.00    0.28 v counter_0/n20[3]$_DFFE_PP0P_/D (sg13g2_dfrbp_1)
           0.28   data arrival time

   0.00    0.00   clock clock_i (rise edge)
   0.00    0.00   clock network delay (ideal)
   0.00    0.00   clock reconvergence pessimism
           0.00 ^ counter_0/n20[3]$_DFFE_PP0P_/CLK (sg13g2_dfrbp_1)
  -0.04   -0.04   library hold time
          -0.04   data required time
---------------------------------------------------------
          -0.04   data required time
          -0.28   data arrival time
---------------------------------------------------------
           0.32   slack (MET)



==========================================================================
resizer critical path target clock latency max path
--------------------------------------------------------------------------
0.0000

==========================================================================
resizer critical path target clock latency min path
--------------------------------------------------------------------------
0.0000

==========================================================================
resizer critical path source clock latency min path
--------------------------------------------------------------------------
0.0000

==========================================================================
resizer critical path delay
--------------------------------------------------------------------------
25.3396

==========================================================================
resizer critical path slack
--------------------------------------------------------------------------
99.5365

==========================================================================
resizer slack div critical path delay
--------------------------------------------------------------------------
392.810068

==========================================================================
resizer report_power
--------------------------------------------------------------------------
Group                  Internal  Switching    Leakage      Total
                          Power      Power      Power      Power (Watts)
----------------------------------------------------------------
Sequential             3.76e-06   3.72e-07   2.15e-09   4.14e-06  83.5%
Combinational          5.58e-07   2.57e-07   2.12e-09   8.17e-07  16.5%
Clock                  0.00e+00   0.00e+00   0.00e+00   0.00e+00   0.0%
Macro                  0.00e+00   0.00e+00   0.00e+00   0.00e+00   0.0%
Pad                    0.00e+00   0.00e+00   0.00e+00   0.00e+00   0.0%
----------------------------------------------------------------
Total                  4.32e-06   6.30e-07   4.27e-09   4.95e-06 100.0%
                          87.2%      12.7%       0.1%
