
==========================================================================
global route report_tns
--------------------------------------------------------------------------
tns 0.00

==========================================================================
global route report_wns
--------------------------------------------------------------------------
wns 0.00

==========================================================================
global route report_worst_slack
--------------------------------------------------------------------------
worst slack 99.49

==========================================================================
global route report_clock_skew
--------------------------------------------------------------------------
Clock core_clock
   0.16 source latency counter_0/n20_q[0]$_DFFE_PP0P_/CLK ^
  -0.16 target latency counter_0/n20_q[3]$_DFFE_PP0P_/CLK ^
   0.00 CRPR
--------------
   0.00 setup skew


==========================================================================
global route report_checks -path_delay min
--------------------------------------------------------------------------
Startpoint: reset_n_i (input port clocked by core_clock)
Endpoint: counter_0/n20_q[0]$_DFFE_PP0P_
          (removal check against rising-edge clock core_clock)
Path Group: asynchronous
Path Type: min

Fanout     Cap    Slew   Delay    Time   Description
-----------------------------------------------------------------------------
                          0.00    0.00   clock core_clock (rise edge)
                          0.00    0.00   clock network delay (propagated)
                         25.00   25.00 ^ input external delay
     1    0.01    0.00    0.00   25.00 ^ reset_n_i (in)
                                         reset_n_i (net)
                  0.00    0.00   25.00 ^ input2/A (sg13g2_buf_1)
     1    0.01    0.05    0.07   25.07 ^ input2/X (sg13g2_buf_1)
                                         net2 (net)
                  0.05    0.00   25.07 ^ _0_/A (sg13g2_inv_2)
     1    0.01    0.02    0.04   25.11 v _0_/Y (sg13g2_inv_2)
                                         n1_o (net)
                  0.02    0.00   25.11 v counter_0/_12_/A (sg13g2_inv_2)
     4    0.03    0.07    0.07   25.17 ^ counter_0/_12_/Y (sg13g2_inv_2)
                                         counter_0/_00_ (net)
                  0.07    0.00   25.17 ^ counter_0/n20_q[0]$_DFFE_PP0P_/RESET_B (sg13g2_dfrbp_1)
                                 25.17   data arrival time

                          0.00    0.00   clock core_clock (rise edge)
                          0.00    0.00   clock source latency
     1    0.00    0.00    0.00    0.00 ^ clock_i (in)
                                         clock_i (net)
                  0.00    0.00    0.00 ^ clkbuf_0_clock_i/A (sg13g2_buf_1)
     2    0.01    0.05    0.07    0.07 ^ clkbuf_0_clock_i/X (sg13g2_buf_1)
                                         clknet_0_clock_i (net)
                  0.05    0.00    0.07 ^ clkbuf_1_0__f_clock_i/A (sg13g2_buf_1)
     2    0.01    0.05    0.09    0.16 ^ clkbuf_1_0__f_clock_i/X (sg13g2_buf_1)
                                         clknet_1_0__leaf_clock_i (net)
                  0.05    0.00    0.16 ^ counter_0/n20_q[0]$_DFFE_PP0P_/CLK (sg13g2_dfrbp_1)
                          0.00    0.16   clock reconvergence pessimism
                         -0.11    0.05   library removal time
                                  0.05   data required time
-----------------------------------------------------------------------------
                                  0.05   data required time
                                -25.17   data arrival time
-----------------------------------------------------------------------------
                                 25.12   slack (MET)


Startpoint: counter_0/n20_q[3]$_DFFE_PP0P_
            (rising edge-triggered flip-flop clocked by core_clock)
Endpoint: counter_0/n20_q[3]$_DFFE_PP0P_
          (rising edge-triggered flip-flop clocked by core_clock)
Path Group: core_clock
Path Type: min

Fanout     Cap    Slew   Delay    Time   Description
-----------------------------------------------------------------------------
                          0.00    0.00   clock core_clock (rise edge)
                          0.00    0.00   clock source latency
     1    0.00    0.00    0.00    0.00 ^ clock_i (in)
                                         clock_i (net)
                  0.00    0.00    0.00 ^ clkbuf_0_clock_i/A (sg13g2_buf_1)
     2    0.01    0.05    0.07    0.07 ^ clkbuf_0_clock_i/X (sg13g2_buf_1)
                                         clknet_0_clock_i (net)
                  0.05    0.00    0.07 ^ clkbuf_1_1__f_clock_i/A (sg13g2_buf_1)
     2    0.01    0.05    0.09    0.16 ^ clkbuf_1_1__f_clock_i/X (sg13g2_buf_1)
                                         clknet_1_1__leaf_clock_i (net)
                  0.05    0.00    0.16 ^ counter_0/n20_q[3]$_DFFE_PP0P_/CLK (sg13g2_dfrbp_1)
     2    0.01    0.05    0.24    0.39 ^ counter_0/n20_q[3]$_DFFE_PP0P_/Q (sg13g2_dfrbp_1)
                                         net6 (net)
                  0.05    0.00    0.39 ^ counter_0/_19_/A (sg13g2_xnor2_1)
     1    0.00    0.04    0.07    0.46 v counter_0/_19_/Y (sg13g2_xnor2_1)
                                         counter_0/_04_ (net)
                  0.04    0.00    0.46 v counter_0/n20_q[3]$_DFFE_PP0P_/D (sg13g2_dfrbp_1)
                                  0.46   data arrival time

                          0.00    0.00   clock core_clock (rise edge)
                          0.00    0.00   clock source latency
     1    0.00    0.00    0.00    0.00 ^ clock_i (in)
                                         clock_i (net)
                  0.00    0.00    0.00 ^ clkbuf_0_clock_i/A (sg13g2_buf_1)
     2    0.01    0.05    0.07    0.07 ^ clkbuf_0_clock_i/X (sg13g2_buf_1)
                                         clknet_0_clock_i (net)
                  0.05    0.00    0.07 ^ clkbuf_1_1__f_clock_i/A (sg13g2_buf_1)
     2    0.01    0.05    0.09    0.16 ^ clkbuf_1_1__f_clock_i/X (sg13g2_buf_1)
                                         clknet_1_1__leaf_clock_i (net)
                  0.05    0.00    0.16 ^ counter_0/n20_q[3]$_DFFE_PP0P_/CLK (sg13g2_dfrbp_1)
                          0.00    0.16   clock reconvergence pessimism
                         -0.03    0.12   library hold time
                                  0.12   data required time
-----------------------------------------------------------------------------
                                  0.12   data required time
                                 -0.46   data arrival time
-----------------------------------------------------------------------------
                                  0.34   slack (MET)



==========================================================================
global route report_checks -path_delay max
--------------------------------------------------------------------------
Startpoint: reset_n_i (input port clocked by core_clock)
Endpoint: counter_0/n20_q[2]$_DFFE_PP0P_
          (recovery check against rising-edge clock core_clock)
Path Group: asynchronous
Path Type: max

Fanout     Cap    Slew   Delay    Time   Description
-----------------------------------------------------------------------------
                          0.00    0.00   clock core_clock (rise edge)
                          0.00    0.00   clock network delay (propagated)
                         25.00   25.00 ^ input external delay
     1    0.01    0.00    0.00   25.00 ^ reset_n_i (in)
                                         reset_n_i (net)
                  0.00    0.00   25.00 ^ input2/A (sg13g2_buf_1)
     1    0.01    0.05    0.07   25.07 ^ input2/X (sg13g2_buf_1)
                                         net2 (net)
                  0.05    0.00   25.07 ^ _0_/A (sg13g2_inv_2)
     1    0.01    0.02    0.04   25.11 v _0_/Y (sg13g2_inv_2)
                                         n1_o (net)
                  0.02    0.00   25.11 v counter_0/_12_/A (sg13g2_inv_2)
     4    0.03    0.07    0.07   25.17 ^ counter_0/_12_/Y (sg13g2_inv_2)
                                         counter_0/_00_ (net)
                  0.07    0.00   25.17 ^ counter_0/n20_q[2]$_DFFE_PP0P_/RESET_B (sg13g2_dfrbp_1)
                                 25.17   data arrival time

                        125.00  125.00   clock core_clock (rise edge)
                          0.00  125.00   clock source latency
     1    0.00    0.00    0.00  125.00 ^ clock_i (in)
                                         clock_i (net)
                  0.00    0.00  125.00 ^ clkbuf_0_clock_i/A (sg13g2_buf_1)
     2    0.01    0.05    0.07  125.07 ^ clkbuf_0_clock_i/X (sg13g2_buf_1)
                                         clknet_0_clock_i (net)
                  0.05    0.00  125.07 ^ clkbuf_1_1__f_clock_i/A (sg13g2_buf_1)
     2    0.01    0.05    0.09  125.16 ^ clkbuf_1_1__f_clock_i/X (sg13g2_buf_1)
                                         clknet_1_1__leaf_clock_i (net)
                  0.05    0.00  125.16 ^ counter_0/n20_q[2]$_DFFE_PP0P_/CLK (sg13g2_dfrbp_1)
                          0.00  125.16   clock reconvergence pessimism
                         -0.13  125.03   library recovery time
                                125.03   data required time
-----------------------------------------------------------------------------
                                125.03   data required time
                                -25.17   data arrival time
-----------------------------------------------------------------------------
                                 99.86   slack (MET)


Startpoint: counter_0/n20_q[0]$_DFFE_PP0P_
            (rising edge-triggered flip-flop clocked by core_clock)
Endpoint: counter_value_o[0] (output port clocked by core_clock)
Path Group: core_clock
Path Type: max

Fanout     Cap    Slew   Delay    Time   Description
-----------------------------------------------------------------------------
                          0.00    0.00   clock core_clock (rise edge)
                          0.00    0.00   clock source latency
     1    0.00    0.00    0.00    0.00 ^ clock_i (in)
                                         clock_i (net)
                  0.00    0.00    0.00 ^ clkbuf_0_clock_i/A (sg13g2_buf_1)
     2    0.01    0.05    0.07    0.07 ^ clkbuf_0_clock_i/X (sg13g2_buf_1)
                                         clknet_0_clock_i (net)
                  0.05    0.00    0.07 ^ clkbuf_1_0__f_clock_i/A (sg13g2_buf_1)
     2    0.01    0.05    0.09    0.16 ^ clkbuf_1_0__f_clock_i/X (sg13g2_buf_1)
                                         clknet_1_0__leaf_clock_i (net)
                  0.05    0.00    0.16 ^ counter_0/n20_q[0]$_DFFE_PP0P_/CLK (sg13g2_dfrbp_1)
     5    0.02    0.09    0.27    0.43 ^ counter_0/n20_q[0]$_DFFE_PP0P_/Q (sg13g2_dfrbp_1)
                                         net3 (net)
                  0.09    0.00    0.43 ^ output3/A (sg13g2_buf_1)
     1    0.00    0.02    0.08    0.51 ^ output3/X (sg13g2_buf_1)
                                         counter_value_o[0] (net)
                  0.02    0.00    0.51 ^ counter_value_o[0] (out)
                                  0.51   data arrival time

                        125.00  125.00   clock core_clock (rise edge)
                          0.00  125.00   clock network delay (propagated)
                          0.00  125.00   clock reconvergence pessimism
                        -25.00  100.00   output external delay
                                100.00   data required time
-----------------------------------------------------------------------------
                                100.00   data required time
                                 -0.51   data arrival time
-----------------------------------------------------------------------------
                                 99.49   slack (MET)



==========================================================================
global route report_checks -unconstrained
--------------------------------------------------------------------------
Startpoint: reset_n_i (input port clocked by core_clock)
Endpoint: counter_0/n20_q[2]$_DFFE_PP0P_
          (recovery check against rising-edge clock core_clock)
Path Group: asynchronous
Path Type: max

Fanout     Cap    Slew   Delay    Time   Description
-----------------------------------------------------------------------------
                          0.00    0.00   clock core_clock (rise edge)
                          0.00    0.00   clock network delay (propagated)
                         25.00   25.00 ^ input external delay
     1    0.01    0.00    0.00   25.00 ^ reset_n_i (in)
                                         reset_n_i (net)
                  0.00    0.00   25.00 ^ input2/A (sg13g2_buf_1)
     1    0.01    0.05    0.07   25.07 ^ input2/X (sg13g2_buf_1)
                                         net2 (net)
                  0.05    0.00   25.07 ^ _0_/A (sg13g2_inv_2)
     1    0.01    0.02    0.04   25.11 v _0_/Y (sg13g2_inv_2)
                                         n1_o (net)
                  0.02    0.00   25.11 v counter_0/_12_/A (sg13g2_inv_2)
     4    0.03    0.07    0.07   25.17 ^ counter_0/_12_/Y (sg13g2_inv_2)
                                         counter_0/_00_ (net)
                  0.07    0.00   25.17 ^ counter_0/n20_q[2]$_DFFE_PP0P_/RESET_B (sg13g2_dfrbp_1)
                                 25.17   data arrival time

                        125.00  125.00   clock core_clock (rise edge)
                          0.00  125.00   clock source latency
     1    0.00    0.00    0.00  125.00 ^ clock_i (in)
                                         clock_i (net)
                  0.00    0.00  125.00 ^ clkbuf_0_clock_i/A (sg13g2_buf_1)
     2    0.01    0.05    0.07  125.07 ^ clkbuf_0_clock_i/X (sg13g2_buf_1)
                                         clknet_0_clock_i (net)
                  0.05    0.00  125.07 ^ clkbuf_1_1__f_clock_i/A (sg13g2_buf_1)
     2    0.01    0.05    0.09  125.16 ^ clkbuf_1_1__f_clock_i/X (sg13g2_buf_1)
                                         clknet_1_1__leaf_clock_i (net)
                  0.05    0.00  125.16 ^ counter_0/n20_q[2]$_DFFE_PP0P_/CLK (sg13g2_dfrbp_1)
                          0.00  125.16   clock reconvergence pessimism
                         -0.13  125.03   library recovery time
                                125.03   data required time
-----------------------------------------------------------------------------
                                125.03   data required time
                                -25.17   data arrival time
-----------------------------------------------------------------------------
                                 99.86   slack (MET)


Startpoint: counter_0/n20_q[0]$_DFFE_PP0P_
            (rising edge-triggered flip-flop clocked by core_clock)
Endpoint: counter_value_o[0] (output port clocked by core_clock)
Path Group: core_clock
Path Type: max

Fanout     Cap    Slew   Delay    Time   Description
-----------------------------------------------------------------------------
                          0.00    0.00   clock core_clock (rise edge)
                          0.00    0.00   clock source latency
     1    0.00    0.00    0.00    0.00 ^ clock_i (in)
                                         clock_i (net)
                  0.00    0.00    0.00 ^ clkbuf_0_clock_i/A (sg13g2_buf_1)
     2    0.01    0.05    0.07    0.07 ^ clkbuf_0_clock_i/X (sg13g2_buf_1)
                                         clknet_0_clock_i (net)
                  0.05    0.00    0.07 ^ clkbuf_1_0__f_clock_i/A (sg13g2_buf_1)
     2    0.01    0.05    0.09    0.16 ^ clkbuf_1_0__f_clock_i/X (sg13g2_buf_1)
                                         clknet_1_0__leaf_clock_i (net)
                  0.05    0.00    0.16 ^ counter_0/n20_q[0]$_DFFE_PP0P_/CLK (sg13g2_dfrbp_1)
     5    0.02    0.09    0.27    0.43 ^ counter_0/n20_q[0]$_DFFE_PP0P_/Q (sg13g2_dfrbp_1)
                                         net3 (net)
                  0.09    0.00    0.43 ^ output3/A (sg13g2_buf_1)
     1    0.00    0.02    0.08    0.51 ^ output3/X (sg13g2_buf_1)
                                         counter_value_o[0] (net)
                  0.02    0.00    0.51 ^ counter_value_o[0] (out)
                                  0.51   data arrival time

                        125.00  125.00   clock core_clock (rise edge)
                          0.00  125.00   clock network delay (propagated)
                          0.00  125.00   clock reconvergence pessimism
                        -25.00  100.00   output external delay
                                100.00   data required time
-----------------------------------------------------------------------------
                                100.00   data required time
                                 -0.51   data arrival time
-----------------------------------------------------------------------------
                                 99.49   slack (MET)



==========================================================================
global route report_check_types -max_slew -max_cap -max_fanout -violators
--------------------------------------------------------------------------

==========================================================================
global route max_slew_check_slack
--------------------------------------------------------------------------
2.4050190448760986

==========================================================================
global route max_slew_check_limit
--------------------------------------------------------------------------
2.5074000358581543

==========================================================================
global route max_slew_check_slack_limit
--------------------------------------------------------------------------
0.9592

==========================================================================
global route max_fanout_check_slack
--------------------------------------------------------------------------
3.0

==========================================================================
global route max_fanout_check_limit
--------------------------------------------------------------------------
8.0

==========================================================================
global route max_fanout_check_slack_limit
--------------------------------------------------------------------------
0.3750

==========================================================================
global route max_capacitance_check_slack
--------------------------------------------------------------------------
0.2788034975528717

==========================================================================
global route max_capacitance_check_limit
--------------------------------------------------------------------------
0.30000001192092896

==========================================================================
global route max_capacitance_check_slack_limit
--------------------------------------------------------------------------
0.9293

==========================================================================
global route max_slew_violation_count
--------------------------------------------------------------------------
max slew violation count 0

==========================================================================
global route max_fanout_violation_count
--------------------------------------------------------------------------
max fanout violation count 0

==========================================================================
global route max_cap_violation_count
--------------------------------------------------------------------------
max cap violation count 0

==========================================================================
global route setup_violation_count
--------------------------------------------------------------------------
setup violation count 0

==========================================================================
global route hold_violation_count
--------------------------------------------------------------------------
hold violation count 0

==========================================================================
global route report_checks -path_delay max reg to reg
--------------------------------------------------------------------------
Startpoint: counter_0/n20_q[0]$_DFFE_PP0P_
            (rising edge-triggered flip-flop clocked by core_clock)
Endpoint: counter_0/n20_q[3]$_DFFE_PP0P_
          (rising edge-triggered flip-flop clocked by core_clock)
Path Group: core_clock
Path Type: max

  Delay    Time   Description
---------------------------------------------------------
   0.00    0.00   clock core_clock (rise edge)
   0.00    0.00   clock source latency
   0.00    0.00 ^ clock_i (in)
   0.07    0.07 ^ clkbuf_0_clock_i/X (sg13g2_buf_1)
   0.09    0.16 ^ clkbuf_1_0__f_clock_i/X (sg13g2_buf_1)
   0.00    0.16 ^ counter_0/n20_q[0]$_DFFE_PP0P_/CLK (sg13g2_dfrbp_1)
   0.27    0.43 ^ counter_0/n20_q[0]$_DFFE_PP0P_/Q (sg13g2_dfrbp_1)
   0.13    0.56 v counter_0/_18_/Y (sg13g2_nand4_1)
   0.12    0.67 v counter_0/_19_/Y (sg13g2_xnor2_1)
   0.00    0.67 v counter_0/n20_q[3]$_DFFE_PP0P_/D (sg13g2_dfrbp_1)
           0.67   data arrival time

 125.00  125.00   clock core_clock (rise edge)
   0.00  125.00   clock source latency
   0.00  125.00 ^ clock_i (in)
   0.07  125.07 ^ clkbuf_0_clock_i/X (sg13g2_buf_1)
   0.09  125.16 ^ clkbuf_1_1__f_clock_i/X (sg13g2_buf_1)
   0.00  125.16 ^ counter_0/n20_q[3]$_DFFE_PP0P_/CLK (sg13g2_dfrbp_1)
   0.00  125.16   clock reconvergence pessimism
  -0.11  125.04   library setup time
         125.04   data required time
---------------------------------------------------------
         125.04   data required time
          -0.67   data arrival time
---------------------------------------------------------
         124.37   slack (MET)



==========================================================================
global route report_checks -path_delay min reg to reg
--------------------------------------------------------------------------
Startpoint: counter_0/n20_q[3]$_DFFE_PP0P_
            (rising edge-triggered flip-flop clocked by core_clock)
Endpoint: counter_0/n20_q[3]$_DFFE_PP0P_
          (rising edge-triggered flip-flop clocked by core_clock)
Path Group: core_clock
Path Type: min

  Delay    Time   Description
---------------------------------------------------------
   0.00    0.00   clock core_clock (rise edge)
   0.00    0.00   clock source latency
   0.00    0.00 ^ clock_i (in)
   0.07    0.07 ^ clkbuf_0_clock_i/X (sg13g2_buf_1)
   0.09    0.16 ^ clkbuf_1_1__f_clock_i/X (sg13g2_buf_1)
   0.00    0.16 ^ counter_0/n20_q[3]$_DFFE_PP0P_/CLK (sg13g2_dfrbp_1)
   0.24    0.39 ^ counter_0/n20_q[3]$_DFFE_PP0P_/Q (sg13g2_dfrbp_1)
   0.07    0.46 v counter_0/_19_/Y (sg13g2_xnor2_1)
   0.00    0.46 v counter_0/n20_q[3]$_DFFE_PP0P_/D (sg13g2_dfrbp_1)
           0.46   data arrival time

   0.00    0.00   clock core_clock (rise edge)
   0.00    0.00   clock source latency
   0.00    0.00 ^ clock_i (in)
   0.07    0.07 ^ clkbuf_0_clock_i/X (sg13g2_buf_1)
   0.09    0.16 ^ clkbuf_1_1__f_clock_i/X (sg13g2_buf_1)
   0.00    0.16 ^ counter_0/n20_q[3]$_DFFE_PP0P_/CLK (sg13g2_dfrbp_1)
   0.00    0.16   clock reconvergence pessimism
  -0.03    0.12   library hold time
           0.12   data required time
---------------------------------------------------------
           0.12   data required time
          -0.46   data arrival time
---------------------------------------------------------
           0.34   slack (MET)



==========================================================================
global route critical path target clock latency max path
--------------------------------------------------------------------------
0.1564

==========================================================================
global route critical path target clock latency min path
--------------------------------------------------------------------------
0.1599

==========================================================================
global route critical path source clock latency min path
--------------------------------------------------------------------------
0.0000

==========================================================================
global route critical path delay
--------------------------------------------------------------------------
0.5106

==========================================================================
global route critical path slack
--------------------------------------------------------------------------
99.4894

==========================================================================
global route slack div critical path delay
--------------------------------------------------------------------------
19484.802193

==========================================================================
global route report_power
--------------------------------------------------------------------------
Group                  Internal  Switching    Leakage      Total
                          Power      Power      Power      Power (Watts)
----------------------------------------------------------------
Sequential             3.75e-06   3.61e-07   2.15e-09   4.11e-06  74.2%
Combinational          5.55e-07   2.42e-07   1.99e-09   7.99e-07  14.4%
Clock                  2.80e-07   3.48e-07   3.31e-10   6.28e-07  11.3%
Macro                  0.00e+00   0.00e+00   0.00e+00   0.00e+00   0.0%
Pad                    0.00e+00   0.00e+00   0.00e+00   0.00e+00   0.0%
----------------------------------------------------------------
Total                  4.59e-06   9.51e-07   4.47e-09   5.54e-06 100.0%
                          82.8%      17.2%       0.1%
