
==========================================================================
finish report_tns
--------------------------------------------------------------------------
tns max 0.00

==========================================================================
finish report_wns
--------------------------------------------------------------------------
wns max 0.00

==========================================================================
finish report_worst_slack
--------------------------------------------------------------------------
worst slack max 99.52

==========================================================================
finish report_clock_skew
--------------------------------------------------------------------------
Clock clock_i
   0.13 source latency counter_0/n20[0]$_DFFE_PP0P_/CLK ^
  -0.13 target latency counter_0/n20[3]$_DFFE_PP0P_/CLK ^
   0.00 CRPR
--------------
   0.00 setup skew


==========================================================================
finish report_checks -path_delay min
--------------------------------------------------------------------------
Startpoint: reset_n_i (input port clocked by clock_i)
Endpoint: counter_0/n20[1]$_DFFE_PP0P_
          (removal check against rising-edge clock clock_i)
Path Group: asynchronous
Path Type: min

Fanout     Cap    Slew   Delay    Time   Description
-----------------------------------------------------------------------------
                          0.00    0.00   clock clock_i (rise edge)
                          0.00    0.00   clock network delay (propagated)
                         25.00   25.00 ^ input external delay
     1    0.01    0.00    0.00   25.00 ^ reset_n_i (in)
                                         reset_n_i (net)
                  0.00    0.00   25.00 ^ input2/A (sg13g2_buf_1)
     1    0.01    0.04    0.06   25.06 ^ input2/X (sg13g2_buf_1)
                                         net2 (net)
                  0.04    0.00   25.06 ^ _0_/A (sg13g2_inv_2)
     1    0.01    0.03    0.03   25.09 v _0_/Y (sg13g2_inv_2)
                                         n1 (net)
                  0.03    0.00   25.09 v counter_0/_12_/A (sg13g2_inv_4)
     4    0.03    0.04    0.04   25.13 ^ counter_0/_12_/Y (sg13g2_inv_4)
                                         counter_0/_00_ (net)
                  0.04    0.00   25.13 ^ counter_0/n20[1]$_DFFE_PP0P_/RESET_B (sg13g2_dfrbp_1)
                                 25.13   data arrival time

                          0.00    0.00   clock clock_i (rise edge)
                          0.00    0.00   clock source latency
     1    0.01    0.00    0.00    0.00 ^ clock_i (in)
                                         clock_i (net)
                  0.00    0.00    0.00 ^ clkbuf_0_clock_i/A (sg13g2_buf_2)
     2    0.01    0.03    0.06    0.06 ^ clkbuf_0_clock_i/X (sg13g2_buf_2)
                                         clknet_0_clock_i (net)
                  0.03    0.00    0.06 ^ clkbuf_1_0__f_clock_i/A (sg13g2_buf_2)
     2    0.01    0.03    0.07    0.13 ^ clkbuf_1_0__f_clock_i/X (sg13g2_buf_2)
                                         clknet_1_0__leaf_clock_i (net)
                  0.03    0.00    0.13 ^ counter_0/n20[1]$_DFFE_PP0P_/CLK (sg13g2_dfrbp_1)
                          0.00    0.13   clock reconvergence pessimism
                         -0.10    0.03   library removal time
                                  0.03   data required time
-----------------------------------------------------------------------------
                                  0.03   data required time
                                -25.13   data arrival time
-----------------------------------------------------------------------------
                                 25.10   slack (MET)


Startpoint: counter_0/n20[3]$_DFFE_PP0P_
            (rising edge-triggered flip-flop clocked by clock_i)
Endpoint: counter_0/n20[3]$_DFFE_PP0P_
          (rising edge-triggered flip-flop clocked by clock_i)
Path Group: clock_i
Path Type: min

Fanout     Cap    Slew   Delay    Time   Description
-----------------------------------------------------------------------------
                          0.00    0.00   clock clock_i (rise edge)
                          0.00    0.00   clock source latency
     1    0.01    0.00    0.00    0.00 ^ clock_i (in)
                                         clock_i (net)
                  0.00    0.00    0.00 ^ clkbuf_0_clock_i/A (sg13g2_buf_2)
     2    0.01    0.03    0.06    0.06 ^ clkbuf_0_clock_i/X (sg13g2_buf_2)
                                         clknet_0_clock_i (net)
                  0.03    0.00    0.06 ^ clkbuf_1_1__f_clock_i/A (sg13g2_buf_2)
     2    0.01    0.03    0.07    0.13 ^ clkbuf_1_1__f_clock_i/X (sg13g2_buf_2)
                                         clknet_1_1__leaf_clock_i (net)
                  0.03    0.00    0.13 ^ counter_0/n20[3]$_DFFE_PP0P_/CLK (sg13g2_dfrbp_1)
     2    0.01    0.05    0.23    0.36 ^ counter_0/n20[3]$_DFFE_PP0P_/Q (sg13g2_dfrbp_1)
                                         net6 (net)
                  0.05    0.00    0.36 ^ counter_0/_19_/A (sg13g2_xnor2_1)
     1    0.00    0.03    0.07    0.42 v counter_0/_19_/Y (sg13g2_xnor2_1)
                                         counter_0/_04_ (net)
                  0.03    0.00    0.42 v counter_0/n20[3]$_DFFE_PP0P_/D (sg13g2_dfrbp_1)
                                  0.42   data arrival time

                          0.00    0.00   clock clock_i (rise edge)
                          0.00    0.00   clock source latency
     1    0.01    0.00    0.00    0.00 ^ clock_i (in)
                                         clock_i (net)
                  0.00    0.00    0.00 ^ clkbuf_0_clock_i/A (sg13g2_buf_2)
     2    0.01    0.03    0.06    0.06 ^ clkbuf_0_clock_i/X (sg13g2_buf_2)
                                         clknet_0_clock_i (net)
                  0.03    0.00    0.06 ^ clkbuf_1_1__f_clock_i/A (sg13g2_buf_2)
     2    0.01    0.03    0.07    0.13 ^ clkbuf_1_1__f_clock_i/X (sg13g2_buf_2)
                                         clknet_1_1__leaf_clock_i (net)
                  0.03    0.00    0.13 ^ counter_0/n20[3]$_DFFE_PP0P_/CLK (sg13g2_dfrbp_1)
                          0.00    0.13   clock reconvergence pessimism
                         -0.03    0.10   library hold time
                                  0.10   data required time
-----------------------------------------------------------------------------
                                  0.10   data required time
                                 -0.42   data arrival time
-----------------------------------------------------------------------------
                                  0.32   slack (MET)



==========================================================================
finish report_checks -path_delay max
--------------------------------------------------------------------------
Startpoint: reset_n_i (input port clocked by clock_i)
Endpoint: counter_0/n20[3]$_DFFE_PP0P_
          (recovery check against rising-edge clock clock_i)
Path Group: asynchronous
Path Type: max

Fanout     Cap    Slew   Delay    Time   Description
-----------------------------------------------------------------------------
                          0.00    0.00   clock clock_i (rise edge)
                          0.00    0.00   clock network delay (propagated)
                         25.00   25.00 ^ input external delay
     1    0.01    0.00    0.00   25.00 ^ reset_n_i (in)
                                         reset_n_i (net)
                  0.00    0.00   25.00 ^ input2/A (sg13g2_buf_1)
     1    0.01    0.04    0.06   25.06 ^ input2/X (sg13g2_buf_1)
                                         net2 (net)
                  0.04    0.00   25.06 ^ _0_/A (sg13g2_inv_2)
     1    0.01    0.03    0.03   25.09 v _0_/Y (sg13g2_inv_2)
                                         n1 (net)
                  0.03    0.00   25.09 v counter_0/_12_/A (sg13g2_inv_4)
     4    0.03    0.04    0.04   25.13 ^ counter_0/_12_/Y (sg13g2_inv_4)
                                         counter_0/_00_ (net)
                  0.04    0.00   25.13 ^ counter_0/n20[3]$_DFFE_PP0P_/RESET_B (sg13g2_dfrbp_1)
                                 25.13   data arrival time

                        125.00  125.00   clock clock_i (rise edge)
                          0.00  125.00   clock source latency
     1    0.01    0.00    0.00  125.00 ^ clock_i (in)
                                         clock_i (net)
                  0.00    0.00  125.00 ^ clkbuf_0_clock_i/A (sg13g2_buf_2)
     2    0.01    0.03    0.06  125.06 ^ clkbuf_0_clock_i/X (sg13g2_buf_2)
                                         clknet_0_clock_i (net)
                  0.03    0.00  125.06 ^ clkbuf_1_1__f_clock_i/A (sg13g2_buf_2)
     2    0.01    0.03    0.07  125.13 ^ clkbuf_1_1__f_clock_i/X (sg13g2_buf_2)
                                         clknet_1_1__leaf_clock_i (net)
                  0.03    0.00  125.13 ^ counter_0/n20[3]$_DFFE_PP0P_/CLK (sg13g2_dfrbp_1)
                          0.00  125.13   clock reconvergence pessimism
                         -0.12  125.01   library recovery time
                                125.01   data required time
-----------------------------------------------------------------------------
                                125.01   data required time
                                -25.13   data arrival time
-----------------------------------------------------------------------------
                                 99.88   slack (MET)


Startpoint: counter_0/n20[0]$_DFFE_PP0P_
            (rising edge-triggered flip-flop clocked by clock_i)
Endpoint: counter_value_o[0] (output port clocked by clock_i)
Path Group: clock_i
Path Type: max

Fanout     Cap    Slew   Delay    Time   Description
-----------------------------------------------------------------------------
                          0.00    0.00   clock clock_i (rise edge)
                          0.00    0.00   clock source latency
     1    0.01    0.00    0.00    0.00 ^ clock_i (in)
                                         clock_i (net)
                  0.00    0.00    0.00 ^ clkbuf_0_clock_i/A (sg13g2_buf_2)
     2    0.01    0.03    0.06    0.06 ^ clkbuf_0_clock_i/X (sg13g2_buf_2)
                                         clknet_0_clock_i (net)
                  0.03    0.00    0.06 ^ clkbuf_1_0__f_clock_i/A (sg13g2_buf_2)
     2    0.01    0.03    0.07    0.13 ^ clkbuf_1_0__f_clock_i/X (sg13g2_buf_2)
                                         clknet_1_0__leaf_clock_i (net)
                  0.03    0.00    0.13 ^ counter_0/n20[0]$_DFFE_PP0P_/CLK (sg13g2_dfrbp_1)
     5    0.02    0.10    0.26    0.39 ^ counter_0/n20[0]$_DFFE_PP0P_/Q (sg13g2_dfrbp_1)
                                         net3 (net)
                  0.10    0.00    0.39 ^ output3/A (sg13g2_buf_1)
     1    0.00    0.02    0.09    0.48 ^ output3/X (sg13g2_buf_1)
                                         counter_value_o[0] (net)
                  0.02    0.00    0.48 ^ counter_value_o[0] (out)
                                  0.48   data arrival time

                        125.00  125.00   clock clock_i (rise edge)
                          0.00  125.00   clock network delay (propagated)
                          0.00  125.00   clock reconvergence pessimism
                        -25.00  100.00   output external delay
                                100.00   data required time
-----------------------------------------------------------------------------
                                100.00   data required time
                                 -0.48   data arrival time
-----------------------------------------------------------------------------
                                 99.52   slack (MET)



==========================================================================
finish report_checks -unconstrained
--------------------------------------------------------------------------
Startpoint: reset_n_i (input port clocked by clock_i)
Endpoint: counter_0/n20[3]$_DFFE_PP0P_
          (recovery check against rising-edge clock clock_i)
Path Group: asynchronous
Path Type: max

Fanout     Cap    Slew   Delay    Time   Description
-----------------------------------------------------------------------------
                          0.00    0.00   clock clock_i (rise edge)
                          0.00    0.00   clock network delay (propagated)
                         25.00   25.00 ^ input external delay
     1    0.01    0.00    0.00   25.00 ^ reset_n_i (in)
                                         reset_n_i (net)
                  0.00    0.00   25.00 ^ input2/A (sg13g2_buf_1)
     1    0.01    0.04    0.06   25.06 ^ input2/X (sg13g2_buf_1)
                                         net2 (net)
                  0.04    0.00   25.06 ^ _0_/A (sg13g2_inv_2)
     1    0.01    0.03    0.03   25.09 v _0_/Y (sg13g2_inv_2)
                                         n1 (net)
                  0.03    0.00   25.09 v counter_0/_12_/A (sg13g2_inv_4)
     4    0.03    0.04    0.04   25.13 ^ counter_0/_12_/Y (sg13g2_inv_4)
                                         counter_0/_00_ (net)
                  0.04    0.00   25.13 ^ counter_0/n20[3]$_DFFE_PP0P_/RESET_B (sg13g2_dfrbp_1)
                                 25.13   data arrival time

                        125.00  125.00   clock clock_i (rise edge)
                          0.00  125.00   clock source latency
     1    0.01    0.00    0.00  125.00 ^ clock_i (in)
                                         clock_i (net)
                  0.00    0.00  125.00 ^ clkbuf_0_clock_i/A (sg13g2_buf_2)
     2    0.01    0.03    0.06  125.06 ^ clkbuf_0_clock_i/X (sg13g2_buf_2)
                                         clknet_0_clock_i (net)
                  0.03    0.00  125.06 ^ clkbuf_1_1__f_clock_i/A (sg13g2_buf_2)
     2    0.01    0.03    0.07  125.13 ^ clkbuf_1_1__f_clock_i/X (sg13g2_buf_2)
                                         clknet_1_1__leaf_clock_i (net)
                  0.03    0.00  125.13 ^ counter_0/n20[3]$_DFFE_PP0P_/CLK (sg13g2_dfrbp_1)
                          0.00  125.13   clock reconvergence pessimism
                         -0.12  125.01   library recovery time
                                125.01   data required time
-----------------------------------------------------------------------------
                                125.01   data required time
                                -25.13   data arrival time
-----------------------------------------------------------------------------
                                 99.88   slack (MET)


Startpoint: counter_0/n20[0]$_DFFE_PP0P_
            (rising edge-triggered flip-flop clocked by clock_i)
Endpoint: counter_value_o[0] (output port clocked by clock_i)
Path Group: clock_i
Path Type: max

Fanout     Cap    Slew   Delay    Time   Description
-----------------------------------------------------------------------------
                          0.00    0.00   clock clock_i (rise edge)
                          0.00    0.00   clock source latency
     1    0.01    0.00    0.00    0.00 ^ clock_i (in)
                                         clock_i (net)
                  0.00    0.00    0.00 ^ clkbuf_0_clock_i/A (sg13g2_buf_2)
     2    0.01    0.03    0.06    0.06 ^ clkbuf_0_clock_i/X (sg13g2_buf_2)
                                         clknet_0_clock_i (net)
                  0.03    0.00    0.06 ^ clkbuf_1_0__f_clock_i/A (sg13g2_buf_2)
     2    0.01    0.03    0.07    0.13 ^ clkbuf_1_0__f_clock_i/X (sg13g2_buf_2)
                                         clknet_1_0__leaf_clock_i (net)
                  0.03    0.00    0.13 ^ counter_0/n20[0]$_DFFE_PP0P_/CLK (sg13g2_dfrbp_1)
     5    0.02    0.10    0.26    0.39 ^ counter_0/n20[0]$_DFFE_PP0P_/Q (sg13g2_dfrbp_1)
                                         net3 (net)
                  0.10    0.00    0.39 ^ output3/A (sg13g2_buf_1)
     1    0.00    0.02    0.09    0.48 ^ output3/X (sg13g2_buf_1)
                                         counter_value_o[0] (net)
                  0.02    0.00    0.48 ^ counter_value_o[0] (out)
                                  0.48   data arrival time

                        125.00  125.00   clock clock_i (rise edge)
                          0.00  125.00   clock network delay (propagated)
                          0.00  125.00   clock reconvergence pessimism
                        -25.00  100.00   output external delay
                                100.00   data required time
-----------------------------------------------------------------------------
                                100.00   data required time
                                 -0.48   data arrival time
-----------------------------------------------------------------------------
                                 99.52   slack (MET)



==========================================================================
finish report_check_types -max_slew -max_cap -max_fanout -violators
--------------------------------------------------------------------------

==========================================================================
finish max_slew_check_slack
--------------------------------------------------------------------------
2.4061219692230225

==========================================================================
finish max_slew_check_limit
--------------------------------------------------------------------------
2.5074000358581543

==========================================================================
finish max_slew_check_slack_limit
--------------------------------------------------------------------------
0.9596

==========================================================================
finish max_fanout_check_slack
--------------------------------------------------------------------------
3.0

==========================================================================
finish max_fanout_check_limit
--------------------------------------------------------------------------
8.0

==========================================================================
finish max_fanout_check_slack_limit
--------------------------------------------------------------------------
0.3750

==========================================================================
finish max_capacitance_check_slack
--------------------------------------------------------------------------
0.27716994285583496

==========================================================================
finish max_capacitance_check_limit
--------------------------------------------------------------------------
0.30000001192092896

==========================================================================
finish max_capacitance_check_slack_limit
--------------------------------------------------------------------------
0.9239

==========================================================================
finish max_slew_violation_count
--------------------------------------------------------------------------
max slew violation count 0

==========================================================================
finish max_fanout_violation_count
--------------------------------------------------------------------------
max fanout violation count 0

==========================================================================
finish max_cap_violation_count
--------------------------------------------------------------------------
max cap violation count 0

==========================================================================
finish setup_violation_count
--------------------------------------------------------------------------
setup violation count 0

==========================================================================
finish hold_violation_count
--------------------------------------------------------------------------
hold violation count 0

==========================================================================
finish report_checks -path_delay max reg to reg
--------------------------------------------------------------------------
Startpoint: counter_0/n20[0]$_DFFE_PP0P_
            (rising edge-triggered flip-flop clocked by clock_i)
Endpoint: counter_0/n20[3]$_DFFE_PP0P_
          (rising edge-triggered flip-flop clocked by clock_i)
Path Group: clock_i
Path Type: max

  Delay    Time   Description
---------------------------------------------------------
   0.00    0.00   clock clock_i (rise edge)
   0.00    0.00   clock source latency
   0.00    0.00 ^ clock_i (in)
   0.06    0.06 ^ clkbuf_0_clock_i/X (sg13g2_buf_2)
   0.07    0.13 ^ clkbuf_1_0__f_clock_i/X (sg13g2_buf_2)
   0.00    0.13 ^ counter_0/n20[0]$_DFFE_PP0P_/CLK (sg13g2_dfrbp_1)
   0.26    0.39 ^ counter_0/n20[0]$_DFFE_PP0P_/Q (sg13g2_dfrbp_1)
   0.14    0.53 v counter_0/_18_/Y (sg13g2_nand4_1)
   0.11    0.64 v counter_0/_19_/Y (sg13g2_xnor2_1)
   0.00    0.64 v counter_0/n20[3]$_DFFE_PP0P_/D (sg13g2_dfrbp_1)
           0.64   data arrival time

 125.00  125.00   clock clock_i (rise edge)
   0.00  125.00   clock source latency
   0.00  125.00 ^ clock_i (in)
   0.06  125.06 ^ clkbuf_0_clock_i/X (sg13g2_buf_2)
   0.07  125.13 ^ clkbuf_1_1__f_clock_i/X (sg13g2_buf_2)
   0.00  125.13 ^ counter_0/n20[3]$_DFFE_PP0P_/CLK (sg13g2_dfrbp_1)
   0.00  125.13   clock reconvergence pessimism
  -0.12  125.01   library setup time
         125.01   data required time
---------------------------------------------------------
         125.01   data required time
          -0.64   data arrival time
---------------------------------------------------------
         124.38   slack (MET)



==========================================================================
finish report_checks -path_delay min reg to reg
--------------------------------------------------------------------------
Startpoint: counter_0/n20[3]$_DFFE_PP0P_
            (rising edge-triggered flip-flop clocked by clock_i)
Endpoint: counter_0/n20[3]$_DFFE_PP0P_
          (rising edge-triggered flip-flop clocked by clock_i)
Path Group: clock_i
Path Type: min

  Delay    Time   Description
---------------------------------------------------------
   0.00    0.00   clock clock_i (rise edge)
   0.00    0.00   clock source latency
   0.00    0.00 ^ clock_i (in)
   0.06    0.06 ^ clkbuf_0_clock_i/X (sg13g2_buf_2)
   0.07    0.13 ^ clkbuf_1_1__f_clock_i/X (sg13g2_buf_2)
   0.00    0.13 ^ counter_0/n20[3]$_DFFE_PP0P_/CLK (sg13g2_dfrbp_1)
   0.23    0.36 ^ counter_0/n20[3]$_DFFE_PP0P_/Q (sg13g2_dfrbp_1)
   0.07    0.42 v counter_0/_19_/Y (sg13g2_xnor2_1)
   0.00    0.42 v counter_0/n20[3]$_DFFE_PP0P_/D (sg13g2_dfrbp_1)
           0.42   data arrival time

   0.00    0.00   clock clock_i (rise edge)
   0.00    0.00   clock source latency
   0.00    0.00 ^ clock_i (in)
   0.06    0.06 ^ clkbuf_0_clock_i/X (sg13g2_buf_2)
   0.07    0.13 ^ clkbuf_1_1__f_clock_i/X (sg13g2_buf_2)
   0.00    0.13 ^ counter_0/n20[3]$_DFFE_PP0P_/CLK (sg13g2_dfrbp_1)
   0.00    0.13   clock reconvergence pessimism
  -0.03    0.10   library hold time
           0.10   data required time
---------------------------------------------------------
           0.10   data required time
          -0.42   data arrival time
---------------------------------------------------------
           0.32   slack (MET)



==========================================================================
finish critical path target clock latency max path
--------------------------------------------------------------------------
0.1309

==========================================================================
finish critical path target clock latency min path
--------------------------------------------------------------------------
0.1339

==========================================================================
finish critical path source clock latency min path
--------------------------------------------------------------------------
0.0000

==========================================================================
finish critical path delay
--------------------------------------------------------------------------
0.4827

==========================================================================
finish critical path slack
--------------------------------------------------------------------------
99.5173

==========================================================================
finish slack div critical path delay
--------------------------------------------------------------------------
20616.801326

==========================================================================
finish report_power
--------------------------------------------------------------------------
Group                  Internal  Switching    Leakage      Total
                          Power      Power      Power      Power (Watts)
----------------------------------------------------------------
Sequential             3.75e-06   3.80e-07   2.15e-09   4.13e-06  70.3%
Combinational          5.57e-07   2.37e-07   2.12e-09   7.96e-07  13.5%
Clock                  4.67e-07   2.97e-07   1.83e-07   9.48e-07  16.1%
Macro                  0.00e+00   0.00e+00   0.00e+00   0.00e+00   0.0%
Pad                    0.00e+00   0.00e+00   0.00e+00   0.00e+00   0.0%
----------------------------------------------------------------
Total                  4.77e-06   9.14e-07   1.88e-07   5.87e-06 100.0%
                          81.3%      15.6%       3.2%
